2026-09-14 19:47:02.629707: I tensorflow/core/util/port.cc:153] oneDNN custom operations are on. You may see slightly different numerical results due to floating-point round-off errors from different computation orders. To turn them off, set the environment variable `TF_ENABLE_ONEDNN_OPTS=0`.
2026-09-14 19:47:03.782368: I tensorflow/core/util/port.cc:153] oneDNN custom operations are on. You may see slightly different numerical results due to floating-point round-off errors from different computation orders. To turn them off, set the environment variable `TF_ENABLE_ONEDNN_OPTS=0`.
WARNING:tensorflow:From C:\Users\vishn\AppData\Local\Programs\Python\Python310\lib\site-packages\tf_keras\src\losses.py:2976: The name tf.losses.sparse_softmax_cross_entropy is deprecated. Please use tf.compat.v1.losses.sparse_softmax_cross_entropy instead.

WARNING:tensorflow:From C:\Users\vishn\AppData\Local\Programs\Python\Python310\lib\site-packages\tf_keras\src\backend.py:1400: The name tf.executing_eagerly_outside_functions is deprecated. Please use tf.compat.v1.executing_eagerly_outside_functions instead.

2026-09-14 19:48:09.075195: I tensorflow/core/platform/cpu_feature_guard.cc:210] This TensorFlow binary is optimized to use available CPU instructions in performance-critical operations.
To enable the following instructions: AVX2 AVX_VNNI FMA, in other operations, rebuild TensorFlow with the appropriate compiler flags.
Loading and cleaning CICIDS2017 traffic data...
Dropped 308381 exact-duplicate rows (10.9% of loaded data).
Capping windows to 50000 per class (sampled at window level, not row level)...
Fitting imputer and scaler on training windows...
Training sequence Autoencoder anomaly detector...
Epoch 1/12
WARNING:tensorflow:From C:\Users\vishn\AppData\Local\Programs\Python\Python310\lib\site-packages\tf_keras\src\utils\tf_utils.py:492: The name tf.ragged.RaggedTensorValue is deprecated. Please use tf.compat.v1.ragged.RaggedTensorValue instead.

2026-09-14 19:48:11.492532: E tensorflow/core/util/util.cc:131] oneDNN supports DT_INT32 only on platforms with AVX-512. Falling back to the default Eigen-based implementation if present.

  1/128 [..............................] - ETA: 4:54 - loss: 0.6176
  5/128 [>.............................] - ETA: 1s - loss: 1.8961  
  9/128 [=>............................] - ETA: 1s - loss: 1.3619
 13/128 [==>...........................] - ETA: 1s - loss: 1.1200
 17/128 [==>...........................] - ETA: 1s - loss: 1.2207
 21/128 [===>..........................] - ETA: 1s - loss: 1.0977
 25/128 [====>.........................] - ETA: 1s - loss: 1.0262
 29/128 [=====>........................] - ETA: 1s - loss: 0.9739
 32/128 [======>.......................] - ETA: 1s - loss: 0.9262
 36/128 [=======>......................] - ETA: 1s - loss: 0.9723
 40/128 [========>.....................] - ETA: 1s - loss: 0.9482
 44/128 [=========>....................] - ETA: 1s - loss: 0.9307
 48/128 [==========>...................] - ETA: 1s - loss: 0.9126
 52/128 [===========>..................] - ETA: 1s - loss: 0.9561
 56/128 [============>.................] - ETA: 1s - loss: 0.9368
 60/128 [=============>................] - ETA: 1s - loss: 0.9361
 64/128 [==============>...............] - ETA: 0s - loss: 0.9160
 68/128 [==============>...............] - ETA: 0s - loss: 0.9035
 72/128 [===============>..............] - ETA: 0s - loss: 0.9400
 76/128 [================>.............] - ETA: 0s - loss: 0.9185
 80/128 [=================>............] - ETA: 0s - loss: 0.9102
 84/128 [==================>...........] - ETA: 0s - loss: 0.8943
 88/128 [===================>..........] - ETA: 0s - loss: 0.8774
 92/128 [====================>.........] - ETA: 0s - loss: 0.8626
 97/128 [=====================>........] - ETA: 0s - loss: 0.8813
101/128 [======================>.......] - ETA: 0s - loss: 0.9266
105/128 [=======================>......] - ETA: 0s - loss: 0.9173
109/128 [========================>.....] - ETA: 0s - loss: 0.9071
113/128 [=========================>....] - ETA: 0s - loss: 0.9051
117/128 [==========================>...] - ETA: 0s - loss: 0.8963
121/128 [===========================>..] - ETA: 0s - loss: 0.8848
126/128 [============================>.] - ETA: 0s - loss: 0.9428
128/128 [==============================] - 5s 19ms/step - loss: 0.9352 - val_loss: 0.9530
Epoch 2/12

  1/128 [..............................] - ETA: 2s - loss: 0.4842
  6/128 [>.............................] - ETA: 1s - loss: 1.2730
 11/128 [=>............................] - ETA: 1s - loss: 0.9462
 16/128 [==>...........................] - ETA: 1s - loss: 1.0074
 21/128 [===>..........................] - ETA: 1s - loss: 0.8800
 26/128 [=====>........................] - ETA: 1s - loss: 0.8426
 31/128 [======>.......................] - ETA: 1s - loss: 0.9417
 36/128 [=======>......................] - ETA: 1s - loss: 0.8985
 41/128 [========>.....................] - ETA: 1s - loss: 0.8687
 46/128 [=========>....................] - ETA: 0s - loss: 0.8228
 51/128 [==========>...................] - ETA: 0s - loss: 0.7926
 56/128 [============>.................] - ETA: 0s - loss: 0.7945
 61/128 [=============>................] - ETA: 0s - loss: 0.8328
 66/128 [==============>...............] - ETA: 0s - loss: 0.8899
 71/128 [===============>..............] - ETA: 0s - loss: 0.8623
 76/128 [================>.............] - ETA: 0s - loss: 0.8821
 81/128 [=================>............] - ETA: 0s - loss: 0.9009
 86/128 [===================>..........] - ETA: 0s - loss: 0.8744
 91/128 [====================>.........] - ETA: 0s - loss: 0.8650
 96/128 [=====================>........] - ETA: 0s - loss: 0.8464
101/128 [======================>.......] - ETA: 0s - loss: 0.8483
106/128 [=======================>......] - ETA: 0s - loss: 0.8845
111/128 [=========================>....] - ETA: 0s - loss: 0.8671
116/128 [==========================>...] - ETA: 0s - loss: 0.9008
121/128 [===========================>..] - ETA: 0s - loss: 0.8854
125/128 [============================>.] - ETA: 0s - loss: 0.8723
128/128 [==============================] - 2s 13ms/step - loss: 0.8656 - val_loss: 0.9292
Epoch 3/12

  1/128 [..............................] - ETA: 2s - loss: 0.5709
  6/128 [>.............................] - ETA: 1s - loss: 0.4914
 11/128 [=>............................] - ETA: 1s - loss: 0.5388
 16/128 [==>...........................] - ETA: 1s - loss: 0.7812
 21/128 [===>..........................] - ETA: 1s - loss: 0.8582
 26/128 [=====>........................] - ETA: 1s - loss: 0.7955
 31/128 [======>.......................] - ETA: 1s - loss: 0.7446
 36/128 [=======>......................] - ETA: 1s - loss: 0.7142
 41/128 [========>.....................] - ETA: 0s - loss: 0.9635
 46/128 [=========>....................] - ETA: 0s - loss: 0.9148
 51/128 [==========>...................] - ETA: 0s - loss: 0.8989
 56/128 [============>.................] - ETA: 0s - loss: 0.8838
 61/128 [=============>................] - ETA: 0s - loss: 0.8579
 66/128 [==============>...............] - ETA: 0s - loss: 0.8962
 71/128 [===============>..............] - ETA: 0s - loss: 0.8910
 76/128 [================>.............] - ETA: 0s - loss: 0.8637
 81/128 [=================>............] - ETA: 0s - loss: 0.8930
 86/128 [===================>..........] - ETA: 0s - loss: 0.9732
 91/128 [====================>.........] - ETA: 0s - loss: 0.9459
 95/128 [=====================>........] - ETA: 0s - loss: 0.9306
 99/128 [======================>.......] - ETA: 0s - loss: 0.9169
104/128 [=======================>......] - ETA: 0s - loss: 0.8943
109/128 [========================>.....] - ETA: 0s - loss: 0.8786
114/128 [=========================>....] - ETA: 0s - loss: 0.8621
119/128 [==========================>...] - ETA: 0s - loss: 0.8761
124/128 [============================>.] - ETA: 0s - loss: 0.8613
128/128 [==============================] - ETA: 0s - loss: 0.8499
128/128 [==============================] - 2s 13ms/step - loss: 0.8499 - val_loss: 0.9177
Epoch 4/12

  1/128 [..............................] - ETA: 2s - loss: 0.5847
  6/128 [>.............................] - ETA: 1s - loss: 0.6078
 11/128 [=>............................] - ETA: 1s - loss: 0.8767
 16/128 [==>...........................] - ETA: 1s - loss: 0.7924
 21/128 [===>..........................] - ETA: 1s - loss: 0.9529
 26/128 [=====>........................] - ETA: 1s - loss: 1.1085
 31/128 [======>.......................] - ETA: 1s - loss: 1.0115
 36/128 [=======>......................] - ETA: 1s - loss: 0.9618
 41/128 [========>.....................] - ETA: 0s - loss: 0.8995
 46/128 [=========>....................] - ETA: 0s - loss: 0.8461
 51/128 [==========>...................] - ETA: 0s - loss: 0.8069
 56/128 [============>.................] - ETA: 0s - loss: 0.7899
 61/128 [=============>................] - ETA: 0s - loss: 0.7693
 66/128 [==============>...............] - ETA: 0s - loss: 0.7453
 71/128 [===============>..............] - ETA: 0s - loss: 0.7274
 76/128 [================>.............] - ETA: 0s - loss: 0.7092
 81/128 [=================>............] - ETA: 0s - loss: 0.7070
 86/128 [===================>..........] - ETA: 0s - loss: 0.6945
 91/128 [====================>.........] - ETA: 0s - loss: 0.6819
 96/128 [=====================>........] - ETA: 0s - loss: 0.6908
101/128 [======================>.......] - ETA: 0s - loss: 0.6780
106/128 [=======================>......] - ETA: 0s - loss: 0.7177
111/128 [=========================>....] - ETA: 0s - loss: 0.8306
116/128 [==========================>...] - ETA: 0s - loss: 0.8418
121/128 [===========================>..] - ETA: 0s - loss: 0.8394
126/128 [============================>.] - ETA: 0s - loss: 0.8436
128/128 [==============================] - 2s 13ms/step - loss: 0.8373 - val_loss: 0.8992
Epoch 5/12

  1/128 [..............................] - ETA: 2s - loss: 1.1277
  6/128 [>.............................] - ETA: 1s - loss: 0.6720
 11/128 [=>............................] - ETA: 1s - loss: 0.6383
 16/128 [==>...........................] - ETA: 1s - loss: 0.5842
 21/128 [===>..........................] - ETA: 1s - loss: 0.5558
 26/128 [=====>........................] - ETA: 1s - loss: 0.6641
 31/128 [======>.......................] - ETA: 1s - loss: 0.6467
 36/128 [=======>......................] - ETA: 1s - loss: 0.6131
 41/128 [========>.....................] - ETA: 0s - loss: 0.6066
 46/128 [=========>....................] - ETA: 0s - loss: 0.6871
 51/128 [==========>...................] - ETA: 0s - loss: 0.7144
 56/128 [============>.................] - ETA: 0s - loss: 0.7003
 61/128 [=============>................] - ETA: 0s - loss: 0.6834
 66/128 [==============>...............] - ETA: 0s - loss: 0.6668
 71/128 [===============>..............] - ETA: 0s - loss: 0.6573
 76/128 [================>.............] - ETA: 0s - loss: 0.6543
 81/128 [=================>............] - ETA: 0s - loss: 0.7665
 86/128 [===================>..........] - ETA: 0s - loss: 0.7454
 91/128 [====================>.........] - ETA: 0s - loss: 0.8058
 96/128 [=====================>........] - ETA: 0s - loss: 0.9080
101/128 [======================>.......] - ETA: 0s - loss: 0.9072
106/128 [=======================>......] - ETA: 0s - loss: 0.8912
111/128 [=========================>....] - ETA: 0s - loss: 0.8736
116/128 [==========================>...] - ETA: 0s - loss: 0.8539
120/128 [===========================>..] - ETA: 0s - loss: 0.8496
125/128 [============================>.] - ETA: 0s - loss: 0.8345
128/128 [==============================] - 2s 13ms/step - loss: 0.8234 - val_loss: 0.8841
Epoch 6/12

  1/128 [..............................] - ETA: 2s - loss: 0.5315
  6/128 [>.............................] - ETA: 1s - loss: 0.5996
 11/128 [=>............................] - ETA: 1s - loss: 1.1000
 16/128 [==>...........................] - ETA: 1s - loss: 0.9368
 21/128 [===>..........................] - ETA: 1s - loss: 1.0219
 24/128 [====>.........................] - ETA: 1s - loss: 0.9409
 28/128 [=====>........................] - ETA: 1s - loss: 0.8720
 32/128 [======>.......................] - ETA: 1s - loss: 0.8131
 36/128 [=======>......................] - ETA: 1s - loss: 0.8623
 41/128 [========>.....................] - ETA: 1s - loss: 0.8224
 46/128 [=========>....................] - ETA: 1s - loss: 0.8839
 51/128 [==========>...................] - ETA: 0s - loss: 0.8795
 56/128 [============>.................] - ETA: 0s - loss: 0.8363
 61/128 [=============>................] - ETA: 0s - loss: 0.8057
 66/128 [==============>...............] - ETA: 0s - loss: 0.7908
 71/128 [===============>..............] - ETA: 0s - loss: 0.7737
 76/128 [================>.............] - ETA: 0s - loss: 0.8461
 81/128 [=================>............] - ETA: 0s - loss: 0.8277
 86/128 [===================>..........] - ETA: 0s - loss: 0.8071
 91/128 [====================>.........] - ETA: 0s - loss: 0.8077
 95/128 [=====================>........] - ETA: 0s - loss: 0.7908
100/128 [======================>.......] - ETA: 0s - loss: 0.7742
105/128 [=======================>......] - ETA: 0s - loss: 0.7608
110/128 [========================>.....] - ETA: 0s - loss: 0.7441
115/128 [=========================>....] - ETA: 0s - loss: 0.7692
120/128 [===========================>..] - ETA: 0s - loss: 0.7837
125/128 [============================>.] - ETA: 0s - loss: 0.8193
128/128 [==============================] - 2s 13ms/step - loss: 0.8098 - val_loss: 0.8691
Epoch 7/12

  1/128 [..............................] - ETA: 2s - loss: 0.4249
  6/128 [>.............................] - ETA: 1s - loss: 1.1415
 11/128 [=>............................] - ETA: 1s - loss: 0.8427
 16/128 [==>...........................] - ETA: 1s - loss: 0.8008
 21/128 [===>..........................] - ETA: 1s - loss: 0.7545
 26/128 [=====>........................] - ETA: 1s - loss: 0.6787
 31/128 [======>.......................] - ETA: 1s - loss: 0.6727
 36/128 [=======>......................] - ETA: 0s - loss: 0.6663
 41/128 [========>.....................] - ETA: 0s - loss: 0.6401
 46/128 [=========>....................] - ETA: 0s - loss: 0.7132
 51/128 [==========>...................] - ETA: 0s - loss: 0.7953
 56/128 [============>.................] - ETA: 0s - loss: 0.7691
 61/128 [=============>................] - ETA: 0s - loss: 0.7394
 66/128 [==============>...............] - ETA: 0s - loss: 0.7147
 71/128 [===============>..............] - ETA: 0s - loss: 0.6991
 76/128 [================>.............] - ETA: 0s - loss: 0.6847
 81/128 [=================>............] - ETA: 0s - loss: 0.6715
 86/128 [===================>..........] - ETA: 0s - loss: 0.6587
 91/128 [====================>.........] - ETA: 0s - loss: 0.7721
 96/128 [=====================>........] - ETA: 0s - loss: 0.8344
101/128 [======================>.......] - ETA: 0s - loss: 0.8230
106/128 [=======================>......] - ETA: 0s - loss: 0.8392
111/128 [=========================>....] - ETA: 0s - loss: 0.8211
116/128 [==========================>...] - ETA: 0s - loss: 0.8168
121/128 [===========================>..] - ETA: 0s - loss: 0.8197
126/128 [============================>.] - ETA: 0s - loss: 0.8048
128/128 [==============================] - 2s 12ms/step - loss: 0.7979 - val_loss: 0.8555
Epoch 8/12

  1/128 [..............................] - ETA: 2s - loss: 0.4939
  6/128 [>.............................] - ETA: 1s - loss: 0.4574
 11/128 [=>............................] - ETA: 1s - loss: 0.5070
 16/128 [==>...........................] - ETA: 1s - loss: 0.4887
 21/128 [===>..........................] - ETA: 1s - loss: 0.4852
 26/128 [=====>........................] - ETA: 1s - loss: 0.6619
 30/128 [======>.......................] - ETA: 1s - loss: 0.7526
 35/128 [=======>......................] - ETA: 1s - loss: 0.8235
 40/128 [========>.....................] - ETA: 0s - loss: 0.7698
 45/128 [=========>....................] - ETA: 0s - loss: 0.9256
 50/128 [==========>...................] - ETA: 0s - loss: 0.8850
 55/128 [===========>..................] - ETA: 0s - loss: 0.8800
 60/128 [=============>................] - ETA: 0s - loss: 0.8527
 65/128 [==============>...............] - ETA: 0s - loss: 0.8315
 70/128 [===============>..............] - ETA: 0s - loss: 0.8038
 75/128 [================>.............] - ETA: 0s - loss: 0.7748
 80/128 [=================>............] - ETA: 0s - loss: 0.8462
 85/128 [==================>...........] - ETA: 0s - loss: 0.8194
 90/128 [====================>.........] - ETA: 0s - loss: 0.8435
 95/128 [=====================>........] - ETA: 0s - loss: 0.8256
100/128 [======================>.......] - ETA: 0s - loss: 0.8060
105/128 [=======================>......] - ETA: 0s - loss: 0.7993
110/128 [========================>.....] - ETA: 0s - loss: 0.7831
115/128 [=========================>....] - ETA: 0s - loss: 0.7708
120/128 [===========================>..] - ETA: 0s - loss: 0.7568
125/128 [============================>.] - ETA: 0s - loss: 0.7881
128/128 [==============================] - 2s 12ms/step - loss: 0.7855 - val_loss: 0.8406
Epoch 9/12

  1/128 [..............................] - ETA: 2s - loss: 0.5995
  6/128 [>.............................] - ETA: 1s - loss: 1.0675
 11/128 [=>............................] - ETA: 1s - loss: 1.2448
 16/128 [==>...........................] - ETA: 1s - loss: 0.9882
 21/128 [===>..........................] - ETA: 1s - loss: 0.8701
 26/128 [=====>........................] - ETA: 1s - loss: 0.8055
 31/128 [======>.......................] - ETA: 1s - loss: 0.7364
 37/128 [=======>......................] - ETA: 0s - loss: 0.8420
 42/128 [========>.....................] - ETA: 0s - loss: 0.8162
 47/128 [==========>...................] - ETA: 0s - loss: 0.7806
 52/128 [===========>..................] - ETA: 0s - loss: 0.7462
 57/128 [============>.................] - ETA: 0s - loss: 0.7290
 62/128 [=============>................] - ETA: 0s - loss: 0.7021
 67/128 [==============>...............] - ETA: 0s - loss: 0.7282
 72/128 [===============>..............] - ETA: 0s - loss: 0.7103
 77/128 [=================>............] - ETA: 0s - loss: 0.6928
 82/128 [==================>...........] - ETA: 0s - loss: 0.7010
 87/128 [===================>..........] - ETA: 0s - loss: 0.6853
 92/128 [====================>.........] - ETA: 0s - loss: 0.7268
 97/128 [=====================>........] - ETA: 0s - loss: 0.7096
102/128 [======================>.......] - ETA: 0s - loss: 0.7779
107/128 [========================>.....] - ETA: 0s - loss: 0.7789
112/128 [=========================>....] - ETA: 0s - loss: 0.7676
117/128 [==========================>...] - ETA: 0s - loss: 0.7530
122/128 [===========================>..] - ETA: 0s - loss: 0.7412
127/128 [============================>.] - ETA: 0s - loss: 0.7737
128/128 [==============================] - 2s 12ms/step - loss: 0.7754 - val_loss: 0.8306
Epoch 10/12

  1/128 [..............................] - ETA: 2s - loss: 0.3724
  6/128 [>.............................] - ETA: 1s - loss: 0.6064
 11/128 [=>............................] - ETA: 1s - loss: 0.5335
 16/128 [==>...........................] - ETA: 1s - loss: 0.5201
 21/128 [===>..........................] - ETA: 1s - loss: 0.5287
 26/128 [=====>........................] - ETA: 1s - loss: 0.5006
 31/128 [======>.......................] - ETA: 1s - loss: 0.7387
 36/128 [=======>......................] - ETA: 0s - loss: 0.6957
 41/128 [========>.....................] - ETA: 0s - loss: 0.7103
 45/128 [=========>....................] - ETA: 0s - loss: 0.6849
 50/128 [==========>...................] - ETA: 0s - loss: 0.7361
 55/128 [===========>..................] - ETA: 0s - loss: 0.7736
 60/128 [=============>................] - ETA: 0s - loss: 0.7410
 65/128 [==============>...............] - ETA: 0s - loss: 0.7825
 70/128 [===============>..............] - ETA: 0s - loss: 0.7574
 75/128 [================>.............] - ETA: 0s - loss: 0.7792
 80/128 [=================>............] - ETA: 0s - loss: 0.7580
 84/128 [==================>...........] - ETA: 0s - loss: 0.7441
 89/128 [===================>..........] - ETA: 0s - loss: 0.7258
 94/128 [=====================>........] - ETA: 0s - loss: 0.7273
 99/128 [======================>.......] - ETA: 0s - loss: 0.7676
104/128 [=======================>......] - ETA: 0s - loss: 0.7533
109/128 [========================>.....] - ETA: 0s - loss: 0.7903
114/128 [=========================>....] - ETA: 0s - loss: 0.8124
119/128 [==========================>...] - ETA: 0s - loss: 0.7954
124/128 [============================>.] - ETA: 0s - loss: 0.7805
128/128 [==============================] - 2s 12ms/step - loss: 0.7663 - val_loss: 0.8200
Epoch 11/12

  1/128 [..............................] - ETA: 3s - loss: 0.3861
  6/128 [>.............................] - ETA: 1s - loss: 0.4449
 11/128 [=>............................] - ETA: 1s - loss: 0.4054
 16/128 [==>...........................] - ETA: 1s - loss: 0.4073
 21/128 [===>..........................] - ETA: 1s - loss: 0.4045
 26/128 [=====>........................] - ETA: 1s - loss: 0.4100
 31/128 [======>.......................] - ETA: 1s - loss: 0.4143
 36/128 [=======>......................] - ETA: 1s - loss: 0.4077
 41/128 [========>.....................] - ETA: 0s - loss: 0.5657
 46/128 [=========>....................] - ETA: 0s - loss: 0.6836
 51/128 [==========>...................] - ETA: 0s - loss: 0.6615
 56/128 [============>.................] - ETA: 0s - loss: 0.9503
 61/128 [=============>................] - ETA: 0s - loss: 0.9318
 66/128 [==============>...............] - ETA: 0s - loss: 0.8880
 71/128 [===============>..............] - ETA: 0s - loss: 0.8744
 76/128 [================>.............] - ETA: 0s - loss: 0.8482
 81/128 [=================>............] - ETA: 0s - loss: 0.8204
 86/128 [===================>..........] - ETA: 0s - loss: 0.7951
 91/128 [====================>.........] - ETA: 0s - loss: 0.7725
 96/128 [=====================>........] - ETA: 0s - loss: 0.7562
101/128 [======================>.......] - ETA: 0s - loss: 0.7725
106/128 [=======================>......] - ETA: 0s - loss: 0.7507
111/128 [=========================>....] - ETA: 0s - loss: 0.7354
116/128 [==========================>...] - ETA: 0s - loss: 0.7329
121/128 [===========================>..] - ETA: 0s - loss: 0.7646
126/128 [============================>.] - ETA: 0s - loss: 0.7628
128/128 [==============================] - 2s 12ms/step - loss: 0.7580 - val_loss: 0.8098
Epoch 12/12

  1/128 [..............................] - ETA: 2s - loss: 0.4062
  6/128 [>.............................] - ETA: 1s - loss: 0.5273
 11/128 [=>............................] - ETA: 1s - loss: 0.4796
 16/128 [==>...........................] - ETA: 1s - loss: 0.4672
 21/128 [===>..........................] - ETA: 1s - loss: 0.4912
 26/128 [=====>........................] - ETA: 1s - loss: 0.4974
 31/128 [======>.......................] - ETA: 1s - loss: 0.5972
 36/128 [=======>......................] - ETA: 1s - loss: 0.5722
 41/128 [========>.....................] - ETA: 0s - loss: 0.5479
 46/128 [=========>....................] - ETA: 0s - loss: 0.7357
 51/128 [==========>...................] - ETA: 0s - loss: 0.7081
 56/128 [============>.................] - ETA: 0s - loss: 0.6849
 61/128 [=============>................] - ETA: 0s - loss: 0.6575
 66/128 [==============>...............] - ETA: 0s - loss: 0.7831
 71/128 [===============>..............] - ETA: 0s - loss: 0.8120
 76/128 [================>.............] - ETA: 0s - loss: 0.7939
 81/128 [=================>............] - ETA: 0s - loss: 0.7745
 86/128 [===================>..........] - ETA: 0s - loss: 0.7809
 91/128 [====================>.........] - ETA: 0s - loss: 0.7601
 96/128 [=====================>........] - ETA: 0s - loss: 0.7603
101/128 [======================>.......] - ETA: 0s - loss: 0.7403
106/128 [=======================>......] - ETA: 0s - loss: 0.7256
111/128 [=========================>....] - ETA: 0s - loss: 0.7090
116/128 [==========================>...] - ETA: 0s - loss: 0.7081
121/128 [===========================>..] - ETA: 0s - loss: 0.7301
126/128 [============================>.] - ETA: 0s - loss: 0.7555
128/128 [==============================] - 2s 12ms/step - loss: 0.7525 - val_loss: 0.8039
Training BiLSTM temporal threat classifier...
Epoch 1/12
WARNING:tensorflow:From C:\Users\vishn\AppData\Local\Programs\Python\Python310\lib\site-packages\tf_keras\src\engine\base_layer_utils.py:384: The name tf.executing_eagerly_outside_functions is deprecated. Please use tf.compat.v1.executing_eagerly_outside_functions instead.


  1/234 [..............................] - ETA: 12:48 - loss: 1.5094 - accuracy: 0.0625
  5/234 [..............................] - ETA: 3s - loss: 1.3996 - accuracy: 0.5508   
  9/234 [>.............................] - ETA: 3s - loss: 1.1455 - accuracy: 0.6766
 12/234 [>.............................] - ETA: 3s - loss: 1.0842 - accuracy: 0.7220
 16/234 [=>............................] - ETA: 3s - loss: 1.0401 - accuracy: 0.7605
 20/234 [=>............................] - ETA: 3s - loss: 1.0409 - accuracy: 0.7758
 24/234 [==>...........................] - ETA: 3s - loss: 0.9828 - accuracy: 0.7886
 28/234 [==>...........................] - ETA: 3s - loss: 0.9903 - accuracy: 0.7998
 32/234 [===>..........................] - ETA: 3s - loss: 0.9614 - accuracy: 0.8066
 35/234 [===>..........................] - ETA: 3s - loss: 0.9904 - accuracy: 0.8106
 38/234 [===>..........................] - ETA: 3s - loss: 0.9718 - accuracy: 0.8167
 41/234 [====>.........................] - ETA: 3s - loss: 0.9600 - accuracy: 0.8204
 44/234 [====>.........................] - ETA: 3s - loss: 0.9286 - accuracy: 0.8249
 47/234 [=====>........................] - ETA: 3s - loss: 0.9263 - accuracy: 0.8291
 51/234 [=====>........................] - ETA: 3s - loss: 0.9065 - accuracy: 0.8359
 55/234 [======>.......................] - ETA: 2s - loss: 0.8984 - accuracy: 0.8423
 59/234 [======>.......................] - ETA: 2s - loss: 0.8744 - accuracy: 0.8489
 63/234 [=======>......................] - ETA: 2s - loss: 0.8411 - accuracy: 0.8546
 67/234 [=======>......................] - ETA: 2s - loss: 0.8272 - accuracy: 0.8594
 71/234 [========>.....................] - ETA: 2s - loss: 0.8139 - accuracy: 0.8645
 75/234 [========>.....................] - ETA: 2s - loss: 0.7982 - accuracy: 0.8693
 79/234 [=========>....................] - ETA: 2s - loss: 0.7877 - accuracy: 0.8726
 83/234 [=========>....................] - ETA: 2s - loss: 0.7830 - accuracy: 0.8765
 87/234 [==========>...................] - ETA: 2s - loss: 0.7666 - accuracy: 0.8803
 91/234 [==========>...................] - ETA: 2s - loss: 0.7568 - accuracy: 0.8837
 95/234 [===========>..................] - ETA: 2s - loss: 0.7450 - accuracy: 0.8867
 99/234 [===========>..................] - ETA: 2s - loss: 0.7303 - accuracy: 0.8895
103/234 [============>.................] - ETA: 2s - loss: 0.7201 - accuracy: 0.8920
108/234 [============>.................] - ETA: 1s - loss: 0.7152 - accuracy: 0.8954
112/234 [=============>................] - ETA: 1s - loss: 0.7140 - accuracy: 0.8977
116/234 [=============>................] - ETA: 1s - loss: 0.7101 - accuracy: 0.8999
120/234 [==============>...............] - ETA: 1s - loss: 0.7058 - accuracy: 0.9014
124/234 [==============>...............] - ETA: 1s - loss: 0.6924 - accuracy: 0.9022
128/234 [===============>..............] - ETA: 1s - loss: 0.6871 - accuracy: 0.9034
133/234 [================>.............] - ETA: 1s - loss: 0.6755 - accuracy: 0.9053
138/234 [================>.............] - ETA: 1s - loss: 1.2737 - accuracy: 0.9067
142/234 [=================>............] - ETA: 1s - loss: 1.6041 - accuracy: 0.9082
147/234 [=================>............] - ETA: 1s - loss: 1.5667 - accuracy: 0.9097
151/234 [==================>...........] - ETA: 1s - loss: 1.5338 - accuracy: 0.9112
155/234 [==================>...........] - ETA: 1s - loss: 1.5084 - accuracy: 0.9126
159/234 [===================>..........] - ETA: 1s - loss: 1.4806 - accuracy: 0.9143
163/234 [===================>..........] - ETA: 1s - loss: 1.4524 - accuracy: 0.9153
167/234 [====================>.........] - ETA: 0s - loss: 1.4314 - accuracy: 0.9164
171/234 [====================>.........] - ETA: 0s - loss: 1.4110 - accuracy: 0.9175
175/234 [=====================>........] - ETA: 0s - loss: 1.3911 - accuracy: 0.9184
180/234 [======================>.......] - ETA: 0s - loss: 1.3644 - accuracy: 0.9194
184/234 [======================>.......] - ETA: 0s - loss: 1.3416 - accuracy: 0.9206
188/234 [=======================>......] - ETA: 0s - loss: 1.3273 - accuracy: 0.9215
192/234 [=======================>......] - ETA: 0s - loss: 1.3120 - accuracy: 0.9221
197/234 [========================>.....] - ETA: 0s - loss: 1.2890 - accuracy: 0.9230
201/234 [========================>.....] - ETA: 0s - loss: 1.2706 - accuracy: 0.9236
205/234 [=========================>....] - ETA: 0s - loss: 1.2541 - accuracy: 0.9239
209/234 [=========================>....] - ETA: 0s - loss: 1.2375 - accuracy: 0.9247
214/234 [==========================>...] - ETA: 0s - loss: 1.2205 - accuracy: 0.9253
218/234 [==========================>...] - ETA: 0s - loss: 1.2016 - accuracy: 0.9261
222/234 [===========================>..] - ETA: 0s - loss: 1.1854 - accuracy: 0.9268
227/234 [============================>.] - ETA: 0s - loss: 1.1675 - accuracy: 0.9275
231/234 [============================>.] - ETA: 0s - loss: 1.1539 - accuracy: 0.9280
234/234 [==============================] - 8s 18ms/step - loss: 1.1463 - accuracy: 0.9283 - val_loss: 0.1368 - val_accuracy: 0.9585
Epoch 2/12

  1/234 [..............................] - ETA: 5s - loss: 0.1741 - accuracy: 0.9609
  5/234 [..............................] - ETA: 3s - loss: 0.2379 - accuracy: 0.9547
  9/234 [>.............................] - ETA: 2s - loss: 0.2129 - accuracy: 0.9540
 13/234 [>.............................] - ETA: 2s - loss: 4.2316 - accuracy: 0.9546
 17/234 [=>............................] - ETA: 2s - loss: 3.3121 - accuracy: 0.9561
 21/234 [=>............................] - ETA: 2s - loss: 2.8036 - accuracy: 0.9515
 25/234 [==>...........................] - ETA: 2s - loss: 2.4372 - accuracy: 0.9498
 29/234 [==>...........................] - ETA: 2s - loss: 2.1427 - accuracy: 0.9437
 33/234 [===>..........................] - ETA: 2s - loss: 1.9238 - accuracy: 0.9409
 36/234 [===>..........................] - ETA: 2s - loss: 1.7949 - accuracy: 0.9386
 40/234 [====>.........................] - ETA: 2s - loss: 1.6582 - accuracy: 0.9359
 44/234 [====>.........................] - ETA: 2s - loss: 1.5331 - accuracy: 0.9337
 48/234 [=====>........................] - ETA: 2s - loss: 1.4495 - accuracy: 0.9333
 52/234 [=====>........................] - ETA: 2s - loss: 1.3593 - accuracy: 0.9337
 56/234 [======>.......................] - ETA: 2s - loss: 1.2801 - accuracy: 0.9350
 60/234 [======>.......................] - ETA: 2s - loss: 1.2173 - accuracy: 0.9357
 64/234 [=======>......................] - ETA: 2s - loss: 1.1622 - accuracy: 0.9364
 68/234 [=======>......................] - ETA: 2s - loss: 1.1022 - accuracy: 0.9376
 72/234 [========>.....................] - ETA: 2s - loss: 1.0563 - accuracy: 0.9392
 76/234 [========>.....................] - ETA: 2s - loss: 1.0135 - accuracy: 0.9403
 80/234 [=========>....................] - ETA: 2s - loss: 0.9808 - accuracy: 0.9407
 84/234 [=========>....................] - ETA: 2s - loss: 0.9441 - accuracy: 0.9413
 88/234 [==========>...................] - ETA: 1s - loss: 0.9104 - accuracy: 0.9421
 92/234 [==========>...................] - ETA: 1s - loss: 1.4856 - accuracy: 0.9427
 96/234 [===========>..................] - ETA: 1s - loss: 1.4386 - accuracy: 0.9431
100/234 [===========>..................] - ETA: 1s - loss: 1.3959 - accuracy: 0.9438
105/234 [============>.................] - ETA: 1s - loss: 1.3636 - accuracy: 0.9437
109/234 [============>.................] - ETA: 1s - loss: 1.3355 - accuracy: 0.9440
113/234 [=============>................] - ETA: 1s - loss: 1.3136 - accuracy: 0.9438
117/234 [==============>...............] - ETA: 1s - loss: 1.2862 - accuracy: 0.9443
121/234 [==============>...............] - ETA: 1s - loss: 1.2730 - accuracy: 0.9442
125/234 [===============>..............] - ETA: 1s - loss: 1.2492 - accuracy: 0.9446
129/234 [===============>..............] - ETA: 1s - loss: 1.2291 - accuracy: 0.9447
133/234 [================>.............] - ETA: 1s - loss: 1.2059 - accuracy: 0.9449
137/234 [================>.............] - ETA: 1s - loss: 1.1889 - accuracy: 0.9448
141/234 [=================>............] - ETA: 1s - loss: 1.1629 - accuracy: 0.9451
145/234 [=================>............] - ETA: 1s - loss: 1.1386 - accuracy: 0.9452
149/234 [==================>...........] - ETA: 1s - loss: 1.1200 - accuracy: 0.9451
153/234 [==================>...........] - ETA: 1s - loss: 1.1093 - accuracy: 0.9453
158/234 [===================>..........] - ETA: 1s - loss: 1.0902 - accuracy: 0.9456
162/234 [===================>..........] - ETA: 0s - loss: 1.0692 - accuracy: 0.9457
166/234 [====================>.........] - ETA: 0s - loss: 1.0540 - accuracy: 0.9460
170/234 [====================>.........] - ETA: 0s - loss: 1.0340 - accuracy: 0.9463
174/234 [=====================>........] - ETA: 0s - loss: 1.0183 - accuracy: 0.9464
178/234 [=====================>........] - ETA: 0s - loss: 1.0016 - accuracy: 0.9467
182/234 [======================>.......] - ETA: 0s - loss: 0.9853 - accuracy: 0.9472
186/234 [======================>.......] - ETA: 0s - loss: 0.9772 - accuracy: 0.9473
190/234 [=======================>......] - ETA: 0s - loss: 0.9615 - accuracy: 0.9475
194/234 [=======================>......] - ETA: 0s - loss: 0.9471 - accuracy: 0.9478
198/234 [========================>.....] - ETA: 0s - loss: 0.9349 - accuracy: 0.9482
202/234 [========================>.....] - ETA: 0s - loss: 0.9205 - accuracy: 0.9484
206/234 [=========================>....] - ETA: 0s - loss: 0.9093 - accuracy: 0.9485
210/234 [=========================>....] - ETA: 0s - loss: 0.8954 - accuracy: 0.9488
214/234 [==========================>...] - ETA: 0s - loss: 0.8906 - accuracy: 0.9490
218/234 [==========================>...] - ETA: 0s - loss: 0.8772 - accuracy: 0.9492
222/234 [===========================>..] - ETA: 0s - loss: 0.8751 - accuracy: 0.9494
226/234 [===========================>..] - ETA: 0s - loss: 0.8690 - accuracy: 0.9496
230/234 [============================>.] - ETA: 0s - loss: 0.8588 - accuracy: 0.9499
234/234 [==============================] - ETA: 0s - loss: 0.8473 - accuracy: 0.9500
234/234 [==============================] - 3s 15ms/step - loss: 0.8473 - accuracy: 0.9500 - val_loss: 0.1679 - val_accuracy: 0.9579
Epoch 3/12

  1/234 [..............................] - ETA: 7s - loss: 0.0288 - accuracy: 0.9688
  5/234 [..............................] - ETA: 3s - loss: 0.2420 - accuracy: 0.9586
  9/234 [>.............................] - ETA: 3s - loss: 0.2615 - accuracy: 0.9588
 13/234 [>.............................] - ETA: 3s - loss: 0.2628 - accuracy: 0.9594
 17/234 [=>............................] - ETA: 2s - loss: 0.2394 - accuracy: 0.9598
 21/234 [=>............................] - ETA: 2s - loss: 0.2618 - accuracy: 0.9606
 25/234 [==>...........................] - ETA: 2s - loss: 0.2607 - accuracy: 0.9588
 29/234 [==>...........................] - ETA: 2s - loss: 0.2535 - accuracy: 0.9595
 33/234 [===>..........................] - ETA: 2s - loss: 0.2919 - accuracy: 0.9603
 37/234 [===>..........................] - ETA: 2s - loss: 0.2991 - accuracy: 0.9604
 42/234 [====>.........................] - ETA: 2s - loss: 0.2915 - accuracy: 0.9606
 46/234 [====>.........................] - ETA: 2s - loss: 0.3134 - accuracy: 0.9609
 50/234 [=====>........................] - ETA: 2s - loss: 0.3056 - accuracy: 0.9611
 55/234 [======>.......................] - ETA: 2s - loss: 0.2961 - accuracy: 0.9603
 60/234 [======>.......................] - ETA: 2s - loss: 0.3107 - accuracy: 0.9593
 64/234 [=======>......................] - ETA: 2s - loss: 0.3104 - accuracy: 0.9584
 68/234 [=======>......................] - ETA: 2s - loss: 0.3084 - accuracy: 0.9589
 72/234 [========>.....................] - ETA: 2s - loss: 0.3054 - accuracy: 0.9589
 76/234 [========>.....................] - ETA: 2s - loss: 0.2989 - accuracy: 0.9592
 80/234 [=========>....................] - ETA: 2s - loss: 0.3028 - accuracy: 0.9589
 84/234 [=========>....................] - ETA: 2s - loss: 0.3077 - accuracy: 0.9583
 88/234 [==========>...................] - ETA: 1s - loss: 0.3011 - accuracy: 0.9588
 92/234 [==========>...................] - ETA: 1s - loss: 0.3004 - accuracy: 0.9591
 96/234 [===========>..................] - ETA: 1s - loss: 0.3003 - accuracy: 0.9592
100/234 [===========>..................] - ETA: 1s - loss: 0.2951 - accuracy: 0.9595
104/234 [============>.................] - ETA: 1s - loss: 0.2908 - accuracy: 0.9595
109/234 [============>.................] - ETA: 1s - loss: 0.2848 - accuracy: 0.9595
113/234 [=============>................] - ETA: 1s - loss: 0.2840 - accuracy: 0.9592
117/234 [==============>...............] - ETA: 1s - loss: 0.2820 - accuracy: 0.9592
122/234 [==============>...............] - ETA: 1s - loss: 0.6954 - accuracy: 0.9592
127/234 [===============>..............] - ETA: 1s - loss: 0.6767 - accuracy: 0.9591
131/234 [===============>..............] - ETA: 1s - loss: 0.6670 - accuracy: 0.9592
135/234 [================>.............] - ETA: 1s - loss: 0.6558 - accuracy: 0.9593
139/234 [================>.............] - ETA: 1s - loss: 0.9697 - accuracy: 0.9593
144/234 [=================>............] - ETA: 1s - loss: 0.9468 - accuracy: 0.9581
148/234 [=================>............] - ETA: 1s - loss: 0.9406 - accuracy: 0.9557
152/234 [==================>...........] - ETA: 1s - loss: 0.9274 - accuracy: 0.9530
156/234 [===================>..........] - ETA: 1s - loss: 0.9113 - accuracy: 0.9507
160/234 [===================>..........] - ETA: 0s - loss: 0.8948 - accuracy: 0.9488
164/234 [====================>.........] - ETA: 0s - loss: 0.8874 - accuracy: 0.9470
168/234 [====================>.........] - ETA: 0s - loss: 0.8750 - accuracy: 0.9448
172/234 [=====================>........] - ETA: 0s - loss: 0.8629 - accuracy: 0.9428
177/234 [=====================>........] - ETA: 0s - loss: 0.8539 - accuracy: 0.9410
181/234 [======================>.......] - ETA: 0s - loss: 0.8424 - accuracy: 0.9394
185/234 [======================>.......] - ETA: 0s - loss: 0.8289 - accuracy: 0.9379
189/234 [=======================>......] - ETA: 0s - loss: 0.8193 - accuracy: 0.9362
194/234 [=======================>......] - ETA: 0s - loss: 0.8126 - accuracy: 0.9345
199/234 [========================>.....] - ETA: 0s - loss: 0.8039 - accuracy: 0.9328
203/234 [=========================>....] - ETA: 0s - loss: 0.7949 - accuracy: 0.9319
207/234 [=========================>....] - ETA: 0s - loss: 0.7888 - accuracy: 0.9307
212/234 [==========================>...] - ETA: 0s - loss: 0.7759 - accuracy: 0.9292
216/234 [==========================>...] - ETA: 0s - loss: 0.7687 - accuracy: 0.9280
221/234 [===========================>..] - ETA: 0s - loss: 0.7598 - accuracy: 0.9268
226/234 [===========================>..] - ETA: 0s - loss: 0.7481 - accuracy: 0.9254
230/234 [============================>.] - ETA: 0s - loss: 0.7392 - accuracy: 0.9244
234/234 [==============================] - ETA: 0s - loss: 0.7335 - accuracy: 0.9237
234/234 [==============================] - 3s 14ms/step - loss: 0.7335 - accuracy: 0.9237 - val_loss: 0.2879 - val_accuracy: 0.8778
Epoch 4/12

  1/234 [..............................] - ETA: 5s - loss: 0.2943 - accuracy: 0.9023
  5/234 [..............................] - ETA: 2s - loss: 0.3055 - accuracy: 0.8781
 10/234 [>.............................] - ETA: 2s - loss: 0.3103 - accuracy: 0.8832
 14/234 [>.............................] - ETA: 2s - loss: 0.2977 - accuracy: 0.8853
 18/234 [=>............................] - ETA: 2s - loss: 0.2808 - accuracy: 0.8895
 22/234 [=>............................] - ETA: 2s - loss: 0.2762 - accuracy: 0.8887
 26/234 [==>...........................] - ETA: 2s - loss: 0.2663 - accuracy: 0.8915
 30/234 [==>...........................] - ETA: 2s - loss: 0.2555 - accuracy: 0.8932
 35/234 [===>..........................] - ETA: 2s - loss: 1.1269 - accuracy: 0.8975
 39/234 [====>.........................] - ETA: 2s - loss: 1.0218 - accuracy: 0.8964
 44/234 [====>.........................] - ETA: 2s - loss: 0.9586 - accuracy: 0.8963
 49/234 [=====>........................] - ETA: 2s - loss: 0.8984 - accuracy: 0.8976
 53/234 [=====>........................] - ETA: 2s - loss: 0.8475 - accuracy: 0.8977
 57/234 [======>.......................] - ETA: 2s - loss: 0.7988 - accuracy: 0.8983
 61/234 [======>.......................] - ETA: 2s - loss: 0.7598 - accuracy: 0.8984
 65/234 [=======>......................] - ETA: 2s - loss: 0.7318 - accuracy: 0.8977
 69/234 [=======>......................] - ETA: 2s - loss: 0.6956 - accuracy: 0.8990
 73/234 [========>.....................] - ETA: 2s - loss: 0.6727 - accuracy: 0.8999
 77/234 [========>.....................] - ETA: 2s - loss: 0.6511 - accuracy: 0.9003
 81/234 [=========>....................] - ETA: 1s - loss: 0.6461 - accuracy: 0.9008
 85/234 [=========>....................] - ETA: 1s - loss: 0.6329 - accuracy: 0.9018
 89/234 [==========>...................] - ETA: 1s - loss: 0.6113 - accuracy: 0.9035
 93/234 [==========>...................] - ETA: 1s - loss: 0.5934 - accuracy: 0.9047
 97/234 [===========>..................] - ETA: 1s - loss: 0.5736 - accuracy: 0.9058
101/234 [===========>..................] - ETA: 1s - loss: 0.5602 - accuracy: 0.9062
105/234 [============>.................] - ETA: 1s - loss: 0.5463 - accuracy: 0.9067
109/234 [============>.................] - ETA: 1s - loss: 0.5380 - accuracy: 0.9079
113/234 [=============>................] - ETA: 1s - loss: 0.5295 - accuracy: 0.9089
117/234 [==============>...............] - ETA: 1s - loss: 0.5171 - accuracy: 0.9103
121/234 [==============>...............] - ETA: 1s - loss: 0.5126 - accuracy: 0.9111
125/234 [===============>..............] - ETA: 1s - loss: 0.5027 - accuracy: 0.9118
129/234 [===============>..............] - ETA: 1s - loss: 0.4931 - accuracy: 0.9127
133/234 [================>.............] - ETA: 1s - loss: 0.4916 - accuracy: 0.9131
137/234 [================>.............] - ETA: 1s - loss: 0.4836 - accuracy: 0.9141
142/234 [=================>............] - ETA: 1s - loss: 0.4785 - accuracy: 0.9150
146/234 [=================>............] - ETA: 1s - loss: 0.4728 - accuracy: 0.9156
150/234 [==================>...........] - ETA: 1s - loss: 0.4659 - accuracy: 0.9162
154/234 [==================>...........] - ETA: 1s - loss: 0.4638 - accuracy: 0.9169
158/234 [===================>..........] - ETA: 0s - loss: 0.4579 - accuracy: 0.9177
162/234 [===================>..........] - ETA: 0s - loss: 0.4495 - accuracy: 0.9182
166/234 [====================>.........] - ETA: 0s - loss: 0.4437 - accuracy: 0.9189
170/234 [====================>.........] - ETA: 0s - loss: 0.4371 - accuracy: 0.9197
174/234 [=====================>........] - ETA: 0s - loss: 0.4312 - accuracy: 0.9205
178/234 [=====================>........] - ETA: 0s - loss: 0.4388 - accuracy: 0.9213
182/234 [======================>.......] - ETA: 0s - loss: 0.4404 - accuracy: 0.9218
186/234 [======================>.......] - ETA: 0s - loss: 0.6032 - accuracy: 0.9225
190/234 [=======================>......] - ETA: 0s - loss: 0.5984 - accuracy: 0.9227
194/234 [=======================>......] - ETA: 0s - loss: 0.5912 - accuracy: 0.9230
198/234 [========================>.....] - ETA: 0s - loss: 0.5842 - accuracy: 0.9232
202/234 [========================>.....] - ETA: 0s - loss: 0.5789 - accuracy: 0.9231
206/234 [=========================>....] - ETA: 0s - loss: 0.5744 - accuracy: 0.9228
210/234 [=========================>....] - ETA: 0s - loss: 0.5718 - accuracy: 0.9223
214/234 [==========================>...] - ETA: 0s - loss: 0.5677 - accuracy: 0.9222
218/234 [==========================>...] - ETA: 0s - loss: 0.5615 - accuracy: 0.9220
223/234 [===========================>..] - ETA: 0s - loss: 0.5547 - accuracy: 0.9217
228/234 [============================>.] - ETA: 0s - loss: 0.5488 - accuracy: 0.9220
232/234 [============================>.] - ETA: 0s - loss: 0.5425 - accuracy: 0.9219
234/234 [==============================] - 3s 14ms/step - loss: 0.5394 - accuracy: 0.9219 - val_loss: 0.2204 - val_accuracy: 0.9316
Calibrating anomaly threshold and evaluating models...
Calibrating hybrid risk fusion (Autoencoder anomaly score + BiLSTM confidence)...
Warning: these categories have fewer than 200 raw samples and their per-class metrics should be treated as indicative only, not reliable: {'Data Exfiltration': 36}
Saved artifacts to V:\vishnu\notes pdf\7th SEM\Major-project(P2)\prototype\me\artifacts
Saved metrics to V:\vishnu\notes pdf\7th SEM\Major-project(P2)\prototype\me\reports\training_metrics.json
BiLSTM grouped-category test accuracy: 0.9607
Autoencoder anomaly threshold: 0.839465
Hybrid risk fusion: {'Low': 12459, 'Medium': 1179, 'High': 6645} (FPR=0.0949, FNR=0.4436)
