2026-09-05 19:02:50.299901: I tensorflow/core/util/port.cc:153] oneDNN custom operations are on. You may see slightly different numerical results due to floating-point round-off errors from different computation orders. To turn them off, set the environment variable `TF_ENABLE_ONEDNN_OPTS=0`.
2026-09-05 19:02:52.126886: I tensorflow/core/util/port.cc:153] oneDNN custom operations are on. You may see slightly different numerical results due to floating-point round-off errors from different computation orders. To turn them off, set the environment variable `TF_ENABLE_ONEDNN_OPTS=0`.
WARNING:tensorflow:From C:\Users\vishn\AppData\Local\Programs\Python\Python310\lib\site-packages\tf_keras\src\losses.py:2976: The name tf.losses.sparse_softmax_cross_entropy is deprecated. Please use tf.compat.v1.losses.sparse_softmax_cross_entropy instead.

WARNING:tensorflow:From C:\Users\vishn\AppData\Local\Programs\Python\Python310\lib\site-packages\tf_keras\src\backend.py:1400: The name tf.executing_eagerly_outside_functions is deprecated. Please use tf.compat.v1.executing_eagerly_outside_functions instead.

2026-09-05 19:04:10.947388: I tensorflow/core/platform/cpu_feature_guard.cc:210] This TensorFlow binary is optimized to use available CPU instructions in performance-critical operations.
To enable the following instructions: AVX2 AVX_VNNI FMA, in other operations, rebuild TensorFlow with the appropriate compiler flags.
Loading and cleaning CICIDS2017 traffic data...
Dropped 308381 exact-duplicate rows (10.9% of loaded data).
Capping windows to 50000 per class (sampled at window level, not row level)...
Fitting imputer and scaler on training windows...
Training sequence Autoencoder anomaly detector...
Epoch 1/12
WARNING:tensorflow:From C:\Users\vishn\AppData\Local\Programs\Python\Python310\lib\site-packages\tf_keras\src\utils\tf_utils.py:492: The name tf.ragged.RaggedTensorValue is deprecated. Please use tf.compat.v1.ragged.RaggedTensorValue instead.

2026-09-05 19:04:13.536668: E tensorflow/core/util/util.cc:131] oneDNN supports DT_INT32 only on platforms with AVX-512. Falling back to the default Eigen-based implementation if present.

  1/128 [..............................] - ETA: 4:57 - loss: 0.6176
  5/128 [>.............................] - ETA: 1s - loss: 1.8961  
  9/128 [=>............................] - ETA: 1s - loss: 1.3619
 13/128 [==>...........................] - ETA: 1s - loss: 1.1200
 17/128 [==>...........................] - ETA: 1s - loss: 1.2207
 21/128 [===>..........................] - ETA: 1s - loss: 1.0977
 24/128 [====>.........................] - ETA: 1s - loss: 1.0326
 28/128 [=====>........................] - ETA: 1s - loss: 0.9897
 32/128 [======>.......................] - ETA: 1s - loss: 0.9262
 36/128 [=======>......................] - ETA: 1s - loss: 0.9723
 40/128 [========>.....................] - ETA: 1s - loss: 0.9482
 44/128 [=========>....................] - ETA: 1s - loss: 0.9307
 48/128 [==========>...................] - ETA: 1s - loss: 0.9126
 52/128 [===========>..................] - ETA: 1s - loss: 0.9561
 56/128 [============>.................] - ETA: 1s - loss: 0.9368
 60/128 [=============>................] - ETA: 1s - loss: 0.9361
 64/128 [==============>...............] - ETA: 0s - loss: 0.9160
 68/128 [==============>...............] - ETA: 0s - loss: 0.9035
 72/128 [===============>..............] - ETA: 0s - loss: 0.9400
 76/128 [================>.............] - ETA: 0s - loss: 0.9185
 80/128 [=================>............] - ETA: 0s - loss: 0.9102
 84/128 [==================>...........] - ETA: 0s - loss: 0.8943
 88/128 [===================>..........] - ETA: 0s - loss: 0.8774
 92/128 [====================>.........] - ETA: 0s - loss: 0.8626
 96/128 [=====================>........] - ETA: 0s - loss: 0.8853
100/128 [======================>.......] - ETA: 0s - loss: 0.8694
104/128 [=======================>......] - ETA: 0s - loss: 0.9212
108/128 [========================>.....] - ETA: 0s - loss: 0.9066
112/128 [=========================>....] - ETA: 0s - loss: 0.9091
116/128 [==========================>...] - ETA: 0s - loss: 0.8984
120/128 [===========================>..] - ETA: 0s - loss: 0.8878
124/128 [============================>.] - ETA: 0s - loss: 0.9127
127/128 [============================>.] - ETA: 0s - loss: 0.9394
128/128 [==============================] - 5s 20ms/step - loss: 0.9352 - val_loss: 0.9530
Epoch 2/12

  1/128 [..............................] - ETA: 2s - loss: 0.4842
  5/128 [>.............................] - ETA: 1s - loss: 1.4138
  9/128 [=>............................] - ETA: 1s - loss: 1.0397
 13/128 [==>...........................] - ETA: 1s - loss: 1.1183
 17/128 [==>...........................] - ETA: 1s - loss: 0.9745
 21/128 [===>..........................] - ETA: 1s - loss: 0.8800
 25/128 [====>.........................] - ETA: 1s - loss: 0.8562
 29/128 [=====>........................] - ETA: 1s - loss: 0.9637
 33/128 [======>.......................] - ETA: 1s - loss: 0.9216
 37/128 [=======>......................] - ETA: 1s - loss: 0.9043
 41/128 [========>.....................] - ETA: 1s - loss: 0.8687
 45/128 [=========>....................] - ETA: 1s - loss: 0.8317
 49/128 [==========>...................] - ETA: 1s - loss: 0.8047
 53/128 [===========>..................] - ETA: 1s - loss: 0.7793
 57/128 [============>.................] - ETA: 1s - loss: 0.8526
 61/128 [=============>................] - ETA: 0s - loss: 0.8328
 65/128 [==============>...............] - ETA: 0s - loss: 0.8970
 69/128 [===============>..............] - ETA: 0s - loss: 0.8714
 73/128 [================>.............] - ETA: 0s - loss: 0.8708
 77/128 [=================>............] - ETA: 0s - loss: 0.8763
 81/128 [=================>............] - ETA: 0s - loss: 0.9009
 85/128 [==================>...........] - ETA: 0s - loss: 0.8803
 89/128 [===================>..........] - ETA: 0s - loss: 0.8684
 93/128 [====================>.........] - ETA: 0s - loss: 0.8578
 97/128 [=====================>........] - ETA: 0s - loss: 0.8422
101/128 [======================>.......] - ETA: 0s - loss: 0.8483
105/128 [=======================>......] - ETA: 0s - loss: 0.8337
109/128 [========================>.....] - ETA: 0s - loss: 0.8724
113/128 [=========================>....] - ETA: 0s - loss: 0.8723
117/128 [==========================>...] - ETA: 0s - loss: 0.8973
121/128 [===========================>..] - ETA: 0s - loss: 0.8854
125/128 [============================>.] - ETA: 0s - loss: 0.8723
128/128 [==============================] - 2s 15ms/step - loss: 0.8656 - val_loss: 0.9292
Epoch 3/12

  1/128 [..............................] - ETA: 3s - loss: 0.5709
  5/128 [>.............................] - ETA: 1s - loss: 0.4737
  9/128 [=>............................] - ETA: 1s - loss: 0.4822
 13/128 [==>...........................] - ETA: 1s - loss: 0.7900
 17/128 [==>...........................] - ETA: 1s - loss: 0.7693
 21/128 [===>..........................] - ETA: 1s - loss: 0.8582
 25/128 [====>.........................] - ETA: 1s - loss: 0.8054
 29/128 [=====>........................] - ETA: 1s - loss: 0.7608
 33/128 [======>.......................] - ETA: 1s - loss: 0.7306
 37/128 [=======>......................] - ETA: 1s - loss: 0.7099
 41/128 [========>.....................] - ETA: 1s - loss: 0.9635
 45/128 [=========>....................] - ETA: 1s - loss: 0.9220
 49/128 [==========>...................] - ETA: 1s - loss: 0.9107
 53/128 [===========>..................] - ETA: 1s - loss: 0.8821
 57/128 [============>.................] - ETA: 0s - loss: 0.8808
 61/128 [=============>................] - ETA: 0s - loss: 0.8579
 65/128 [==============>...............] - ETA: 0s - loss: 0.8369
 69/128 [===============>..............] - ETA: 0s - loss: 0.8738
 73/128 [================>.............] - ETA: 0s - loss: 0.8774
 77/128 [=================>............] - ETA: 0s - loss: 0.8581
 81/128 [=================>............] - ETA: 0s - loss: 0.8930
 85/128 [==================>...........] - ETA: 0s - loss: 0.9118
 89/128 [===================>..........] - ETA: 0s - loss: 0.9566
 93/128 [====================>.........] - ETA: 0s - loss: 0.9383
 97/128 [=====================>........] - ETA: 0s - loss: 0.9259
101/128 [======================>.......] - ETA: 0s - loss: 0.9075
105/128 [=======================>......] - ETA: 0s - loss: 0.8916
109/128 [========================>.....] - ETA: 0s - loss: 0.8786
113/128 [=========================>....] - ETA: 0s - loss: 0.8659
117/128 [==========================>...] - ETA: 0s - loss: 0.8830
121/128 [===========================>..] - ETA: 0s - loss: 0.8707
125/128 [============================>.] - ETA: 0s - loss: 0.8587
128/128 [==============================] - 2s 15ms/step - loss: 0.8499 - val_loss: 0.9177
Epoch 4/12

  1/128 [..............................] - ETA: 3s - loss: 0.5847
  5/128 [>.............................] - ETA: 1s - loss: 0.6530
  9/128 [=>............................] - ETA: 1s - loss: 0.5445
 13/128 [==>...........................] - ETA: 1s - loss: 0.8438
 17/128 [==>...........................] - ETA: 1s - loss: 0.7715
 21/128 [===>..........................] - ETA: 1s - loss: 0.9529
 25/128 [====>.........................] - ETA: 1s - loss: 1.1312
 29/128 [=====>........................] - ETA: 1s - loss: 1.0403
 33/128 [======>.......................] - ETA: 1s - loss: 0.9974
 37/128 [=======>......................] - ETA: 1s - loss: 0.9484
 41/128 [========>.....................] - ETA: 1s - loss: 0.8995
 45/128 [=========>....................] - ETA: 1s - loss: 0.8582
 49/128 [==========>...................] - ETA: 1s - loss: 0.8223
 54/128 [===========>..................] - ETA: 0s - loss: 0.8024
 58/128 [============>.................] - ETA: 0s - loss: 0.7803
 62/128 [=============>................] - ETA: 0s - loss: 0.7630
 66/128 [==============>...............] - ETA: 0s - loss: 0.7453
 70/128 [===============>..............] - ETA: 0s - loss: 0.7300
 74/128 [================>.............] - ETA: 0s - loss: 0.7154
 78/128 [=================>............] - ETA: 0s - loss: 0.7075
 82/128 [==================>...........] - ETA: 0s - loss: 0.7029
 86/128 [===================>..........] - ETA: 0s - loss: 0.6945
 90/128 [====================>.........] - ETA: 0s - loss: 0.6851
 94/128 [=====================>........] - ETA: 0s - loss: 0.6937
 99/128 [======================>.......] - ETA: 0s - loss: 0.6842
103/128 [=======================>......] - ETA: 0s - loss: 0.6752
107/128 [========================>.....] - ETA: 0s - loss: 0.7209
112/128 [=========================>....] - ETA: 0s - loss: 0.8568
117/128 [==========================>...] - ETA: 0s - loss: 0.8533
122/128 [===========================>..] - ETA: 0s - loss: 0.8361
127/128 [============================>.] - ETA: 0s - loss: 0.8408
128/128 [==============================] - 2s 14ms/step - loss: 0.8373 - val_loss: 0.8992
Epoch 5/12

  1/128 [..............................] - ETA: 2s - loss: 1.1277
  5/128 [>.............................] - ETA: 1s - loss: 0.7182
  9/128 [=>............................] - ETA: 1s - loss: 0.5908
 13/128 [==>...........................] - ETA: 1s - loss: 0.6130
 17/128 [==>...........................] - ETA: 1s - loss: 0.5816
 21/128 [===>..........................] - ETA: 1s - loss: 0.5558
 25/128 [====>.........................] - ETA: 1s - loss: 0.5371
 29/128 [=====>........................] - ETA: 1s - loss: 0.6516
 34/128 [======>.......................] - ETA: 1s - loss: 0.6299
 38/128 [=======>......................] - ETA: 1s - loss: 0.6184
 43/128 [=========>....................] - ETA: 1s - loss: 0.6010
 48/128 [==========>...................] - ETA: 1s - loss: 0.6782
 53/128 [===========>..................] - ETA: 0s - loss: 0.7137
 57/128 [============>.................] - ETA: 0s - loss: 0.6945
 62/128 [=============>................] - ETA: 0s - loss: 0.6813
 66/128 [==============>...............] - ETA: 0s - loss: 0.6668
 71/128 [===============>..............] - ETA: 0s - loss: 0.6573
 75/128 [================>.............] - ETA: 0s - loss: 0.6576
 79/128 [=================>............] - ETA: 0s - loss: 0.7763
 83/128 [==================>...........] - ETA: 0s - loss: 0.7586
 87/128 [===================>..........] - ETA: 0s - loss: 0.7423
 91/128 [====================>.........] - ETA: 0s - loss: 0.8058
 95/128 [=====================>........] - ETA: 0s - loss: 0.8951
100/128 [======================>.......] - ETA: 0s - loss: 0.9114
104/128 [=======================>......] - ETA: 0s - loss: 0.8929
109/128 [========================>.....] - ETA: 0s - loss: 0.8822
113/128 [=========================>....] - ETA: 0s - loss: 0.8657
117/128 [==========================>...] - ETA: 0s - loss: 0.8503
121/128 [===========================>..] - ETA: 0s - loss: 0.8485
125/128 [============================>.] - ETA: 0s - loss: 0.8345
128/128 [==============================] - 2s 14ms/step - loss: 0.8234 - val_loss: 0.8841
Epoch 6/12

  1/128 [..............................] - ETA: 2s - loss: 0.5315
  5/128 [>.............................] - ETA: 1s - loss: 0.6286
  9/128 [=>............................] - ETA: 1s - loss: 0.5528
 13/128 [==>...........................] - ETA: 1s - loss: 1.0595
 17/128 [==>...........................] - ETA: 1s - loss: 0.9043
 22/128 [====>.........................] - ETA: 1s - loss: 0.9918
 27/128 [=====>........................] - ETA: 1s - loss: 0.8888
 32/128 [======>.......................] - ETA: 1s - loss: 0.8131
 36/128 [=======>......................] - ETA: 1s - loss: 0.8623
 40/128 [========>.....................] - ETA: 1s - loss: 0.8289
 44/128 [=========>....................] - ETA: 1s - loss: 0.8879
 49/128 [==========>...................] - ETA: 0s - loss: 0.8973
 53/128 [===========>..................] - ETA: 0s - loss: 0.8610
 57/128 [============>.................] - ETA: 0s - loss: 0.8300
 61/128 [=============>................] - ETA: 0s - loss: 0.8057
 65/128 [==============>...............] - ETA: 0s - loss: 0.7956
 69/128 [===============>..............] - ETA: 0s - loss: 0.7794
 73/128 [================>.............] - ETA: 0s - loss: 0.7636
 78/128 [=================>............] - ETA: 0s - loss: 0.8443
 82/128 [==================>...........] - ETA: 0s - loss: 0.8223
 86/128 [===================>..........] - ETA: 0s - loss: 0.8071
 91/128 [====================>.........] - ETA: 0s - loss: 0.8077
 95/128 [=====================>........] - ETA: 0s - loss: 0.7908
 99/128 [======================>.......] - ETA: 0s - loss: 0.7769
104/128 [=======================>......] - ETA: 0s - loss: 0.7642
109/128 [========================>.....] - ETA: 0s - loss: 0.7472
113/128 [=========================>....] - ETA: 0s - loss: 0.7756
118/128 [==========================>...] - ETA: 0s - loss: 0.7899
122/128 [===========================>..] - ETA: 0s - loss: 0.8279
126/128 [============================>.] - ETA: 0s - loss: 0.8163
128/128 [==============================] - 2s 14ms/step - loss: 0.8098 - val_loss: 0.8691
Epoch 7/12

  1/128 [..............................] - ETA: 2s - loss: 0.4249
  5/128 [>.............................] - ETA: 1s - loss: 1.2882
 10/128 [=>............................] - ETA: 1s - loss: 0.8751
 15/128 [==>...........................] - ETA: 1s - loss: 0.7820
 19/128 [===>..........................] - ETA: 1s - loss: 0.7834
 23/128 [====>.........................] - ETA: 1s - loss: 0.7217
 28/128 [=====>........................] - ETA: 1s - loss: 0.7044
 32/128 [======>.......................] - ETA: 1s - loss: 0.6618
 37/128 [=======>......................] - ETA: 1s - loss: 0.6613
 42/128 [========>.....................] - ETA: 1s - loss: 0.6346
 46/128 [=========>....................] - ETA: 1s - loss: 0.7132
 50/128 [==========>...................] - ETA: 1s - loss: 0.6872
 54/128 [===========>..................] - ETA: 0s - loss: 0.7758
 58/128 [============>.................] - ETA: 0s - loss: 0.7551
 62/128 [=============>................] - ETA: 0s - loss: 0.7355
 66/128 [==============>...............] - ETA: 0s - loss: 0.7147
 70/128 [===============>..............] - ETA: 0s - loss: 0.7036
 74/128 [================>.............] - ETA: 0s - loss: 0.6923
 78/128 [=================>............] - ETA: 0s - loss: 0.6800
 82/128 [==================>...........] - ETA: 0s - loss: 0.6688
 86/128 [===================>..........] - ETA: 0s - loss: 0.6587
 91/128 [====================>.........] - ETA: 0s - loss: 0.7721
 96/128 [=====================>........] - ETA: 0s - loss: 0.8344
100/128 [======================>.......] - ETA: 0s - loss: 0.8186
105/128 [=======================>......] - ETA: 0s - loss: 0.8077
109/128 [========================>.....] - ETA: 0s - loss: 0.8296
113/128 [=========================>....] - ETA: 0s - loss: 0.8143
117/128 [==========================>...] - ETA: 0s - loss: 0.8327
122/128 [===========================>..] - ETA: 0s - loss: 0.8171
126/128 [============================>.] - ETA: 0s - loss: 0.8048
128/128 [==============================] - 2s 14ms/step - loss: 0.7979 - val_loss: 0.8555
Epoch 8/12

  1/128 [..............................] - ETA: 3s - loss: 0.4939
  5/128 [>.............................] - ETA: 1s - loss: 0.4628
  9/128 [=>............................] - ETA: 1s - loss: 0.5146
 13/128 [==>...........................] - ETA: 1s - loss: 0.5055
 17/128 [==>...........................] - ETA: 1s - loss: 0.5109
 21/128 [===>..........................] - ETA: 1s - loss: 0.4852
 26/128 [=====>........................] - ETA: 1s - loss: 0.6619
 30/128 [======>.......................] - ETA: 1s - loss: 0.7526
 35/128 [=======>......................] - ETA: 1s - loss: 0.8235
 39/128 [========>.....................] - ETA: 1s - loss: 0.7796
 43/128 [=========>....................] - ETA: 1s - loss: 0.8944
 48/128 [==========>...................] - ETA: 1s - loss: 0.8893
 53/128 [===========>..................] - ETA: 0s - loss: 0.8581
 57/128 [============>.................] - ETA: 0s - loss: 0.8726
 61/128 [=============>................] - ETA: 0s - loss: 0.8468
 65/128 [==============>...............] - ETA: 0s - loss: 0.8315
 69/128 [===============>..............] - ETA: 0s - loss: 0.8100
 74/128 [================>.............] - ETA: 0s - loss: 0.7808
 78/128 [=================>............] - ETA: 0s - loss: 0.8149
 83/128 [==================>...........] - ETA: 0s - loss: 0.8292
 87/128 [===================>..........] - ETA: 0s - loss: 0.8100
 92/128 [====================>.........] - ETA: 0s - loss: 0.8389
 96/128 [=====================>........] - ETA: 0s - loss: 0.8211
100/128 [======================>.......] - ETA: 0s - loss: 0.8060
105/128 [=======================>......] - ETA: 0s - loss: 0.7993
109/128 [========================>.....] - ETA: 0s - loss: 0.7859
114/128 [=========================>....] - ETA: 0s - loss: 0.7715
119/128 [==========================>...] - ETA: 0s - loss: 0.7589
123/128 [===========================>..] - ETA: 0s - loss: 0.7957
128/128 [==============================] - ETA: 0s - loss: 0.7855
128/128 [==============================] - 2s 14ms/step - loss: 0.7855 - val_loss: 0.8406
Epoch 9/12

  1/128 [..............................] - ETA: 2s - loss: 0.5995
  5/128 [>.............................] - ETA: 1s - loss: 1.2032
  9/128 [=>............................] - ETA: 1s - loss: 1.4318
 13/128 [==>...........................] - ETA: 1s - loss: 1.1266
 17/128 [==>...........................] - ETA: 1s - loss: 0.9533
 21/128 [===>..........................] - ETA: 1s - loss: 0.8701
 25/128 [====>.........................] - ETA: 1s - loss: 0.8241
 30/128 [======>.......................] - ETA: 1s - loss: 0.7503
 35/128 [=======>......................] - ETA: 1s - loss: 0.8699
 39/128 [========>.....................] - ETA: 1s - loss: 0.8145
 43/128 [=========>....................] - ETA: 1s - loss: 0.8074
 47/128 [==========>...................] - ETA: 1s - loss: 0.7806
 52/128 [===========>..................] - ETA: 0s - loss: 0.7462
 56/128 [============>.................] - ETA: 0s - loss: 0.7340
 61/128 [=============>................] - ETA: 0s - loss: 0.7079
 65/128 [==============>...............] - ETA: 0s - loss: 0.7381
 70/128 [===============>..............] - ETA: 0s - loss: 0.7208
 74/128 [================>.............] - ETA: 0s - loss: 0.7030
 79/128 [=================>............] - ETA: 0s - loss: 0.6863
 83/128 [==================>...........] - ETA: 0s - loss: 0.6970
 88/128 [===================>..........] - ETA: 0s - loss: 0.6838
 93/128 [====================>.........] - ETA: 0s - loss: 0.7243
 97/128 [=====================>........] - ETA: 0s - loss: 0.7096
101/128 [======================>.......] - ETA: 0s - loss: 0.7418
105/128 [=======================>......] - ETA: 0s - loss: 0.7685
109/128 [========================>.....] - ETA: 0s - loss: 0.7747
113/128 [=========================>....] - ETA: 0s - loss: 0.7640
118/128 [==========================>...] - ETA: 0s - loss: 0.7497
123/128 [===========================>..] - ETA: 0s - loss: 0.7840
128/128 [==============================] - ETA: 0s - loss: 0.7754
128/128 [==============================] - 2s 14ms/step - loss: 0.7754 - val_loss: 0.8306
Epoch 10/12

  1/128 [..............................] - ETA: 2s - loss: 0.3724
  5/128 [>.............................] - ETA: 1s - loss: 0.6225
  9/128 [=>............................] - ETA: 1s - loss: 0.5589
 13/128 [==>...........................] - ETA: 1s - loss: 0.5635
 17/128 [==>...........................] - ETA: 1s - loss: 0.5525
 22/128 [====>.........................] - ETA: 1s - loss: 0.5225
 26/128 [=====>........................] - ETA: 1s - loss: 0.5006
 30/128 [======>.......................] - ETA: 1s - loss: 0.6274
 35/128 [=======>......................] - ETA: 1s - loss: 0.7051
 39/128 [========>.....................] - ETA: 1s - loss: 0.7093
 43/128 [=========>....................] - ETA: 1s - loss: 0.6948
 47/128 [==========>...................] - ETA: 1s - loss: 0.7145
 52/128 [===========>..................] - ETA: 0s - loss: 0.7842
 56/128 [============>.................] - ETA: 0s - loss: 0.7680
 60/128 [=============>................] - ETA: 0s - loss: 0.7410
 64/128 [==============>...............] - ETA: 0s - loss: 0.7880
 69/128 [===============>..............] - ETA: 0s - loss: 0.7599
 73/128 [================>.............] - ETA: 0s - loss: 0.7447
 77/128 [=================>............] - ETA: 0s - loss: 0.7690
 82/128 [==================>...........] - ETA: 0s - loss: 0.7528
 87/128 [===================>..........] - ETA: 0s - loss: 0.7347
 91/128 [====================>.........] - ETA: 0s - loss: 0.7178
 95/128 [=====================>........] - ETA: 0s - loss: 0.7838
 99/128 [======================>.......] - ETA: 0s - loss: 0.7676
103/128 [=======================>......] - ETA: 0s - loss: 0.7570
107/128 [========================>.....] - ETA: 0s - loss: 0.7963
112/128 [=========================>....] - ETA: 0s - loss: 0.8195
116/128 [==========================>...] - ETA: 0s - loss: 0.8048
121/128 [===========================>..] - ETA: 0s - loss: 0.7883
125/128 [============================>.] - ETA: 0s - loss: 0.7767
128/128 [==============================] - 2s 14ms/step - loss: 0.7663 - val_loss: 0.8200
Epoch 11/12

  1/128 [..............................] - ETA: 3s - loss: 0.3861
  5/128 [>.............................] - ETA: 1s - loss: 0.4558
 10/128 [=>............................] - ETA: 1s - loss: 0.4166
 14/128 [==>...........................] - ETA: 1s - loss: 0.4156
 19/128 [===>..........................] - ETA: 1s - loss: 0.4036
 24/128 [====>.........................] - ETA: 1s - loss: 0.4065
 28/128 [=====>........................] - ETA: 1s - loss: 0.4131
 32/128 [======>.......................] - ETA: 1s - loss: 0.4116
 36/128 [=======>......................] - ETA: 1s - loss: 0.4077
 40/128 [========>.....................] - ETA: 1s - loss: 0.5712
 45/128 [=========>....................] - ETA: 1s - loss: 0.6906
 50/128 [==========>...................] - ETA: 0s - loss: 0.6632
 55/128 [===========>..................] - ETA: 0s - loss: 0.7638
 60/128 [=============>................] - ETA: 0s - loss: 0.9400
 64/128 [==============>...............] - ETA: 0s - loss: 0.9058
 68/128 [==============>...............] - ETA: 0s - loss: 0.8955
 72/128 [===============>..............] - ETA: 0s - loss: 0.8677
 76/128 [================>.............] - ETA: 0s - loss: 0.8482
 80/128 [=================>............] - ETA: 0s - loss: 0.8250
 85/128 [==================>...........] - ETA: 0s - loss: 0.8004
 89/128 [===================>..........] - ETA: 0s - loss: 0.7795
 93/128 [====================>.........] - ETA: 0s - loss: 0.7642
 97/128 [=====================>........] - ETA: 0s - loss: 0.7513
101/128 [======================>.......] - ETA: 0s - loss: 0.7725
105/128 [=======================>......] - ETA: 0s - loss: 0.7555
109/128 [========================>.....] - ETA: 0s - loss: 0.7408
113/128 [=========================>....] - ETA: 0s - loss: 0.7281
117/128 [==========================>...] - ETA: 0s - loss: 0.7676
121/128 [===========================>..] - ETA: 0s - loss: 0.7646
125/128 [============================>.] - ETA: 0s - loss: 0.7655
128/128 [==============================] - 2s 14ms/step - loss: 0.7580 - val_loss: 0.8098
Epoch 12/12

  1/128 [..............................] - ETA: 2s - loss: 0.4062
  5/128 [>.............................] - ETA: 1s - loss: 0.5550
  9/128 [=>............................] - ETA: 1s - loss: 0.4882
 13/128 [==>...........................] - ETA: 1s - loss: 0.4710
 17/128 [==>...........................] - ETA: 1s - loss: 0.4631
 21/128 [===>..........................] - ETA: 1s - loss: 0.4912
 25/128 [====>.........................] - ETA: 1s - loss: 0.5019
 29/128 [=====>........................] - ETA: 1s - loss: 0.6044
 33/128 [======>.......................] - ETA: 1s - loss: 0.5829
 37/128 [=======>......................] - ETA: 1s - loss: 0.5672
 41/128 [========>.....................] - ETA: 1s - loss: 0.5479
 45/128 [=========>....................] - ETA: 1s - loss: 0.7422
 49/128 [==========>...................] - ETA: 1s - loss: 0.7214
 53/128 [===========>..................] - ETA: 1s - loss: 0.7007
 57/128 [============>.................] - ETA: 1s - loss: 0.6788
 61/128 [=============>................] - ETA: 0s - loss: 0.6575
 65/128 [==============>...............] - ETA: 0s - loss: 0.7059
 69/128 [===============>..............] - ETA: 0s - loss: 0.8254
 73/128 [================>.............] - ETA: 0s - loss: 0.8028
 77/128 [=================>............] - ETA: 0s - loss: 0.7878
 81/128 [=================>............] - ETA: 0s - loss: 0.7745
 85/128 [==================>...........] - ETA: 0s - loss: 0.7659
 89/128 [===================>..........] - ETA: 0s - loss: 0.7667
 93/128 [====================>.........] - ETA: 0s - loss: 0.7508
 97/128 [=====================>........] - ETA: 0s - loss: 0.7567
100/128 [======================>.......] - ETA: 0s - loss: 0.7446
103/128 [=======================>......] - ETA: 0s - loss: 0.7350
107/128 [========================>.....] - ETA: 0s - loss: 0.7223
111/128 [=========================>....] - ETA: 0s - loss: 0.7090
115/128 [=========================>....] - ETA: 0s - loss: 0.7102
119/128 [==========================>...] - ETA: 0s - loss: 0.6990
123/128 [===========================>..] - ETA: 0s - loss: 0.7518
127/128 [============================>.] - ETA: 0s - loss: 0.7546
128/128 [==============================] - 2s 17ms/step - loss: 0.7525 - val_loss: 0.8039
Training BiLSTM temporal threat classifier...
Epoch 1/12
WARNING:tensorflow:From C:\Users\vishn\AppData\Local\Programs\Python\Python310\lib\site-packages\tf_keras\src\engine\base_layer_utils.py:384: The name tf.executing_eagerly_outside_functions is deprecated. Please use tf.compat.v1.executing_eagerly_outside_functions instead.


  1/234 [..............................] - ETA: 26:36 - loss: 1.5094 - accuracy: 0.0625
  3/234 [..............................] - ETA: 7s - loss: 1.3052 - accuracy: 0.4049   
  5/234 [..............................] - ETA: 7s - loss: 1.3996 - accuracy: 0.5508
  7/234 [..............................] - ETA: 7s - loss: 1.2545 - accuracy: 0.6306
  9/234 [>.............................] - ETA: 7s - loss: 1.1455 - accuracy: 0.6766
 11/234 [>.............................] - ETA: 7s - loss: 1.0862 - accuracy: 0.7099
 13/234 [>.............................] - ETA: 7s - loss: 1.0766 - accuracy: 0.7341
 15/234 [>.............................] - ETA: 7s - loss: 1.0667 - accuracy: 0.7529
 17/234 [=>............................] - ETA: 7s - loss: 1.0374 - accuracy: 0.7656
 19/234 [=>............................] - ETA: 6s - loss: 1.0450 - accuracy: 0.7732
 21/234 [=>............................] - ETA: 6s - loss: 1.0130 - accuracy: 0.7798
 23/234 [=>............................] - ETA: 6s - loss: 0.9974 - accuracy: 0.7843
 25/234 [==>...........................] - ETA: 6s - loss: 0.9691 - accuracy: 0.7908
 27/234 [==>...........................] - ETA: 6s - loss: 0.9927 - accuracy: 0.7967
 29/234 [==>...........................] - ETA: 6s - loss: 0.9925 - accuracy: 0.8013
 31/234 [==>...........................] - ETA: 6s - loss: 0.9607 - accuracy: 0.8061
 33/234 [===>..........................] - ETA: 6s - loss: 0.9797 - accuracy: 0.8088
 35/234 [===>..........................] - ETA: 6s - loss: 0.9904 - accuracy: 0.8106
 37/234 [===>..........................] - ETA: 6s - loss: 0.9903 - accuracy: 0.8142
 39/234 [====>.........................] - ETA: 6s - loss: 0.9549 - accuracy: 0.8181
 41/234 [====>.........................] - ETA: 6s - loss: 0.9600 - accuracy: 0.8204
 43/234 [====>.........................] - ETA: 6s - loss: 0.9328 - accuracy: 0.8235
 45/234 [====>.........................] - ETA: 6s - loss: 0.9364 - accuracy: 0.8266
 47/234 [=====>........................] - ETA: 6s - loss: 0.9263 - accuracy: 0.8291
 49/234 [=====>........................] - ETA: 5s - loss: 0.9070 - accuracy: 0.8327
 51/234 [=====>........................] - ETA: 5s - loss: 0.9065 - accuracy: 0.8359
 53/234 [=====>........................] - ETA: 5s - loss: 0.9025 - accuracy: 0.8393
 55/234 [======>.......................] - ETA: 5s - loss: 0.8984 - accuracy: 0.8423
 57/234 [======>.......................] - ETA: 5s - loss: 0.8807 - accuracy: 0.8459
 59/234 [======>.......................] - ETA: 5s - loss: 0.8744 - accuracy: 0.8489
 61/234 [======>.......................] - ETA: 5s - loss: 0.8610 - accuracy: 0.8516
 63/234 [=======>......................] - ETA: 5s - loss: 0.8411 - accuracy: 0.8546
 65/234 [=======>......................] - ETA: 5s - loss: 0.8245 - accuracy: 0.8571
 67/234 [=======>......................] - ETA: 5s - loss: 0.8272 - accuracy: 0.8594
 69/234 [=======>......................] - ETA: 5s - loss: 0.8266 - accuracy: 0.8622
 71/234 [========>.....................] - ETA: 5s - loss: 0.8139 - accuracy: 0.8645
 73/234 [========>.....................] - ETA: 5s - loss: 0.8054 - accuracy: 0.8670
 75/234 [========>.....................] - ETA: 5s - loss: 0.7982 - accuracy: 0.8693
 77/234 [========>.....................] - ETA: 5s - loss: 0.7918 - accuracy: 0.8711
 79/234 [=========>....................] - ETA: 4s - loss: 0.7877 - accuracy: 0.8726
 81/234 [=========>....................] - ETA: 4s - loss: 0.7905 - accuracy: 0.8746
 83/234 [=========>....................] - ETA: 4s - loss: 0.7830 - accuracy: 0.8765
 85/234 [=========>....................] - ETA: 4s - loss: 0.7740 - accuracy: 0.8783
 87/234 [==========>...................] - ETA: 4s - loss: 0.7666 - accuracy: 0.8803
 89/234 [==========>...................] - ETA: 4s - loss: 0.7549 - accuracy: 0.8822
 91/234 [==========>...................] - ETA: 4s - loss: 0.7568 - accuracy: 0.8837
 93/234 [==========>...................] - ETA: 4s - loss: 0.7534 - accuracy: 0.8853
 95/234 [===========>..................] - ETA: 4s - loss: 0.7450 - accuracy: 0.8867
 97/234 [===========>..................] - ETA: 4s - loss: 0.7383 - accuracy: 0.8879
 99/234 [===========>..................] - ETA: 4s - loss: 0.7303 - accuracy: 0.8895
101/234 [===========>..................] - ETA: 4s - loss: 0.7274 - accuracy: 0.8907
103/234 [============>.................] - ETA: 4s - loss: 0.7201 - accuracy: 0.8920
105/234 [============>.................] - ETA: 4s - loss: 0.7137 - accuracy: 0.8933
107/234 [============>.................] - ETA: 3s - loss: 0.7103 - accuracy: 0.8946
109/234 [============>.................] - ETA: 3s - loss: 0.7130 - accuracy: 0.8959
111/234 [=============>................] - ETA: 3s - loss: 0.7157 - accuracy: 0.8971
113/234 [=============>................] - ETA: 3s - loss: 0.7100 - accuracy: 0.8983
115/234 [=============>................] - ETA: 3s - loss: 0.7133 - accuracy: 0.8996
117/234 [==============>...............] - ETA: 3s - loss: 0.7136 - accuracy: 0.9003
119/234 [==============>...............] - ETA: 3s - loss: 0.7077 - accuracy: 0.9011
121/234 [==============>...............] - ETA: 3s - loss: 0.7007 - accuracy: 0.9016
123/234 [==============>...............] - ETA: 3s - loss: 0.6962 - accuracy: 0.9020
125/234 [===============>..............] - ETA: 3s - loss: 0.6893 - accuracy: 0.9024
127/234 [===============>..............] - ETA: 3s - loss: 0.6899 - accuracy: 0.9031
129/234 [===============>..............] - ETA: 3s - loss: 0.6827 - accuracy: 0.9038
131/234 [===============>..............] - ETA: 3s - loss: 0.6800 - accuracy: 0.9046
133/234 [================>.............] - ETA: 3s - loss: 0.6755 - accuracy: 0.9053
135/234 [================>.............] - ETA: 3s - loss: 0.6709 - accuracy: 0.9060
137/234 [================>.............] - ETA: 3s - loss: 1.2809 - accuracy: 0.9065
139/234 [================>.............] - ETA: 2s - loss: 1.6341 - accuracy: 0.9070
141/234 [=================>............] - ETA: 2s - loss: 1.6139 - accuracy: 0.9077
143/234 [=================>............] - ETA: 2s - loss: 1.5978 - accuracy: 0.9085
145/234 [=================>............] - ETA: 2s - loss: 1.5852 - accuracy: 0.9092
147/234 [=================>............] - ETA: 2s - loss: 1.5667 - accuracy: 0.9097
149/234 [==================>...........] - ETA: 2s - loss: 1.5509 - accuracy: 0.9103
151/234 [==================>...........] - ETA: 2s - loss: 1.5338 - accuracy: 0.9112
153/234 [==================>...........] - ETA: 2s - loss: 1.5195 - accuracy: 0.9119
155/234 [==================>...........] - ETA: 2s - loss: 1.5084 - accuracy: 0.9126
157/234 [===================>..........] - ETA: 2s - loss: 1.4967 - accuracy: 0.9135
159/234 [===================>..........] - ETA: 2s - loss: 1.4806 - accuracy: 0.9143
161/234 [===================>..........] - ETA: 2s - loss: 1.4653 - accuracy: 0.9149
163/234 [===================>..........] - ETA: 2s - loss: 1.4524 - accuracy: 0.9153
165/234 [====================>.........] - ETA: 2s - loss: 1.4398 - accuracy: 0.9159
167/234 [====================>.........] - ETA: 2s - loss: 1.4314 - accuracy: 0.9164
169/234 [====================>.........] - ETA: 2s - loss: 1.4217 - accuracy: 0.9170
171/234 [====================>.........] - ETA: 1s - loss: 1.4110 - accuracy: 0.9175
174/234 [=====================>........] - ETA: 1s - loss: 1.3965 - accuracy: 0.9182
176/234 [=====================>........] - ETA: 1s - loss: 1.3845 - accuracy: 0.9185
178/234 [=====================>........] - ETA: 1s - loss: 1.3730 - accuracy: 0.9189
180/234 [======================>.......] - ETA: 1s - loss: 1.3644 - accuracy: 0.9194
182/234 [======================>.......] - ETA: 1s - loss: 1.3519 - accuracy: 0.9199
184/234 [======================>.......] - ETA: 1s - loss: 1.3416 - accuracy: 0.9206
186/234 [======================>.......] - ETA: 1s - loss: 1.3368 - accuracy: 0.9210
188/234 [=======================>......] - ETA: 1s - loss: 1.3273 - accuracy: 0.9215
190/234 [=======================>......] - ETA: 1s - loss: 1.3176 - accuracy: 0.9218
192/234 [=======================>......] - ETA: 1s - loss: 1.3120 - accuracy: 0.9221
194/234 [=======================>......] - ETA: 1s - loss: 1.3009 - accuracy: 0.9225
196/234 [========================>.....] - ETA: 1s - loss: 1.2937 - accuracy: 0.9228
198/234 [========================>.....] - ETA: 1s - loss: 1.2835 - accuracy: 0.9231
200/234 [========================>.....] - ETA: 1s - loss: 1.2743 - accuracy: 0.9234
202/234 [========================>.....] - ETA: 0s - loss: 1.2663 - accuracy: 0.9237
204/234 [=========================>....] - ETA: 0s - loss: 1.2577 - accuracy: 0.9238
206/234 [=========================>....] - ETA: 0s - loss: 1.2490 - accuracy: 0.9242
208/234 [=========================>....] - ETA: 0s - loss: 1.2421 - accuracy: 0.9245
210/234 [=========================>....] - ETA: 0s - loss: 1.2336 - accuracy: 0.9248
212/234 [==========================>...] - ETA: 0s - loss: 1.2253 - accuracy: 0.9252
215/234 [==========================>...] - ETA: 0s - loss: 1.2164 - accuracy: 0.9255
217/234 [==========================>...] - ETA: 0s - loss: 1.2068 - accuracy: 0.9259
219/234 [===========================>..] - ETA: 0s - loss: 1.1982 - accuracy: 0.9262
221/234 [===========================>..] - ETA: 0s - loss: 1.1902 - accuracy: 0.9266
223/234 [===========================>..] - ETA: 0s - loss: 1.1809 - accuracy: 0.9269
225/234 [===========================>..] - ETA: 0s - loss: 1.1752 - accuracy: 0.9273
227/234 [============================>.] - ETA: 0s - loss: 1.1675 - accuracy: 0.9275
229/234 [============================>.] - ETA: 0s - loss: 1.1592 - accuracy: 0.9278
232/234 [============================>.] - ETA: 0s - loss: 1.1498 - accuracy: 0.9280
234/234 [==============================] - ETA: 0s - loss: 1.1463 - accuracy: 0.9283
234/234 [==============================] - 16s 39ms/step - loss: 1.1463 - accuracy: 0.9283 - val_loss: 0.1368 - val_accuracy: 0.9585
Epoch 2/12

  1/234 [..............................] - ETA: 16s - loss: 0.1741 - accuracy: 0.9609
  3/234 [..............................] - ETA: 7s - loss: 0.1585 - accuracy: 0.9622 
  5/234 [..............................] - ETA: 7s - loss: 0.2379 - accuracy: 0.9547
  7/234 [..............................] - ETA: 6s - loss: 0.2315 - accuracy: 0.9520
  9/234 [>.............................] - ETA: 6s - loss: 0.2129 - accuracy: 0.9540
 11/234 [>.............................] - ETA: 6s - loss: 4.9442 - accuracy: 0.9545
 13/234 [>.............................] - ETA: 6s - loss: 4.2316 - accuracy: 0.9546
 15/234 [>.............................] - ETA: 6s - loss: 3.7366 - accuracy: 0.9549
 17/234 [=>............................] - ETA: 6s - loss: 3.3121 - accuracy: 0.9561
 19/234 [=>............................] - ETA: 6s - loss: 3.0105 - accuracy: 0.9554
 21/234 [=>............................] - ETA: 6s - loss: 2.8036 - accuracy: 0.9515
 23/234 [=>............................] - ETA: 6s - loss: 2.6026 - accuracy: 0.9513
 25/234 [==>...........................] - ETA: 6s - loss: 2.4372 - accuracy: 0.9498
 27/234 [==>...........................] - ETA: 5s - loss: 2.2812 - accuracy: 0.9470
 29/234 [==>...........................] - ETA: 5s - loss: 2.1427 - accuracy: 0.9437
 31/234 [==>...........................] - ETA: 5s - loss: 2.0287 - accuracy: 0.9423
 33/234 [===>..........................] - ETA: 5s - loss: 1.9238 - accuracy: 0.9409
 35/234 [===>..........................] - ETA: 5s - loss: 1.8341 - accuracy: 0.9390
 37/234 [===>..........................] - ETA: 5s - loss: 1.7629 - accuracy: 0.9385
 40/234 [====>.........................] - ETA: 5s - loss: 1.6582 - accuracy: 0.9359
 42/234 [====>.........................] - ETA: 5s - loss: 1.5978 - accuracy: 0.9341
 44/234 [====>.........................] - ETA: 5s - loss: 1.5331 - accuracy: 0.9337
 46/234 [====>.........................] - ETA: 5s - loss: 1.4970 - accuracy: 0.9338
 48/234 [=====>........................] - ETA: 5s - loss: 1.4495 - accuracy: 0.9333
 50/234 [=====>........................] - ETA: 5s - loss: 1.4014 - accuracy: 0.9331
 52/234 [=====>........................] - ETA: 5s - loss: 1.3593 - accuracy: 0.9337
 54/234 [=====>........................] - ETA: 5s - loss: 1.3186 - accuracy: 0.9340
 56/234 [======>.......................] - ETA: 5s - loss: 1.2801 - accuracy: 0.9350
 58/234 [======>.......................] - ETA: 5s - loss: 1.2457 - accuracy: 0.9348
 60/234 [======>.......................] - ETA: 4s - loss: 1.2173 - accuracy: 0.9357
 62/234 [======>.......................] - ETA: 4s - loss: 1.1906 - accuracy: 0.9354
 64/234 [=======>......................] - ETA: 4s - loss: 1.1622 - accuracy: 0.9364
 66/234 [=======>......................] - ETA: 4s - loss: 1.1320 - accuracy: 0.9371
 68/234 [=======>......................] - ETA: 4s - loss: 1.1022 - accuracy: 0.9376
 71/234 [========>.....................] - ETA: 4s - loss: 1.0696 - accuracy: 0.9389
 73/234 [========>.....................] - ETA: 4s - loss: 1.0442 - accuracy: 0.9396
 75/234 [========>.....................] - ETA: 4s - loss: 1.0223 - accuracy: 0.9400
 77/234 [========>.....................] - ETA: 4s - loss: 1.0056 - accuracy: 0.9404
 80/234 [=========>....................] - ETA: 4s - loss: 0.9808 - accuracy: 0.9407
 82/234 [=========>....................] - ETA: 4s - loss: 0.9636 - accuracy: 0.9409
 85/234 [=========>....................] - ETA: 4s - loss: 0.9363 - accuracy: 0.9412
 87/234 [==========>...................] - ETA: 4s - loss: 0.9182 - accuracy: 0.9420
 89/234 [==========>...................] - ETA: 4s - loss: 0.9013 - accuracy: 0.9424
 91/234 [==========>...................] - ETA: 4s - loss: 1.4998 - accuracy: 0.9424
 93/234 [==========>...................] - ETA: 3s - loss: 1.4753 - accuracy: 0.9429
 95/234 [===========>..................] - ETA: 3s - loss: 1.4495 - accuracy: 0.9431
 97/234 [===========>..................] - ETA: 3s - loss: 1.4260 - accuracy: 0.9433
 99/234 [===========>..................] - ETA: 3s - loss: 1.4070 - accuracy: 0.9437
101/234 [===========>..................] - ETA: 3s - loss: 1.3911 - accuracy: 0.9435
104/234 [============>.................] - ETA: 3s - loss: 1.3723 - accuracy: 0.9437
106/234 [============>.................] - ETA: 3s - loss: 1.3540 - accuracy: 0.9440
108/234 [============>.................] - ETA: 3s - loss: 1.3403 - accuracy: 0.9440
110/234 [=============>................] - ETA: 3s - loss: 1.3296 - accuracy: 0.9439
112/234 [=============>................] - ETA: 3s - loss: 1.3184 - accuracy: 0.9440
114/234 [=============>................] - ETA: 3s - loss: 1.3077 - accuracy: 0.9440
116/234 [=============>................] - ETA: 3s - loss: 1.2934 - accuracy: 0.9442
118/234 [==============>...............] - ETA: 3s - loss: 1.2828 - accuracy: 0.9442
120/234 [==============>...............] - ETA: 3s - loss: 1.2812 - accuracy: 0.9443
122/234 [==============>...............] - ETA: 3s - loss: 1.2649 - accuracy: 0.9443
124/234 [==============>...............] - ETA: 3s - loss: 1.2564 - accuracy: 0.9444
126/234 [===============>..............] - ETA: 3s - loss: 1.2479 - accuracy: 0.9447
128/234 [===============>..............] - ETA: 3s - loss: 1.2349 - accuracy: 0.9447
130/234 [===============>..............] - ETA: 2s - loss: 1.2229 - accuracy: 0.9446
132/234 [===============>..............] - ETA: 2s - loss: 1.2090 - accuracy: 0.9449
134/234 [================>.............] - ETA: 2s - loss: 1.2057 - accuracy: 0.9447
136/234 [================>.............] - ETA: 2s - loss: 1.1951 - accuracy: 0.9447
138/234 [================>.............] - ETA: 2s - loss: 1.1814 - accuracy: 0.9449
140/234 [================>.............] - ETA: 2s - loss: 1.1705 - accuracy: 0.9449
142/234 [=================>............] - ETA: 2s - loss: 1.1568 - accuracy: 0.9451
144/234 [=================>............] - ETA: 2s - loss: 1.1451 - accuracy: 0.9452
146/234 [=================>............] - ETA: 2s - loss: 1.1332 - accuracy: 0.9451
148/234 [=================>............] - ETA: 2s - loss: 1.1240 - accuracy: 0.9451
150/234 [==================>...........] - ETA: 2s - loss: 1.1158 - accuracy: 0.9451
152/234 [==================>...........] - ETA: 2s - loss: 1.1050 - accuracy: 0.9453
154/234 [==================>...........] - ETA: 2s - loss: 1.1047 - accuracy: 0.9454
156/234 [===================>..........] - ETA: 2s - loss: 1.0943 - accuracy: 0.9454
158/234 [===================>..........] - ETA: 2s - loss: 1.0902 - accuracy: 0.9456
160/234 [===================>..........] - ETA: 2s - loss: 1.0803 - accuracy: 0.9456
162/234 [===================>..........] - ETA: 2s - loss: 1.0692 - accuracy: 0.9457
164/234 [====================>.........] - ETA: 2s - loss: 1.0622 - accuracy: 0.9458
166/234 [====================>.........] - ETA: 1s - loss: 1.0540 - accuracy: 0.9460
168/234 [====================>.........] - ETA: 1s - loss: 1.0428 - accuracy: 0.9462
170/234 [====================>.........] - ETA: 1s - loss: 1.0340 - accuracy: 0.9463
172/234 [=====================>........] - ETA: 1s - loss: 1.0274 - accuracy: 0.9463
174/234 [=====================>........] - ETA: 1s - loss: 1.0183 - accuracy: 0.9464
176/234 [=====================>........] - ETA: 1s - loss: 1.0091 - accuracy: 0.9467
178/234 [=====================>........] - ETA: 1s - loss: 1.0016 - accuracy: 0.9467
180/234 [======================>.......] - ETA: 1s - loss: 0.9944 - accuracy: 0.9470
182/234 [======================>.......] - ETA: 1s - loss: 0.9853 - accuracy: 0.9472
184/234 [======================>.......] - ETA: 1s - loss: 0.9776 - accuracy: 0.9471
186/234 [======================>.......] - ETA: 1s - loss: 0.9772 - accuracy: 0.9473
188/234 [=======================>......] - ETA: 1s - loss: 0.9699 - accuracy: 0.9474
190/234 [=======================>......] - ETA: 1s - loss: 0.9615 - accuracy: 0.9475
192/234 [=======================>......] - ETA: 1s - loss: 0.9534 - accuracy: 0.9476
194/234 [=======================>......] - ETA: 1s - loss: 0.9471 - accuracy: 0.9478
196/234 [========================>.....] - ETA: 1s - loss: 0.9398 - accuracy: 0.9480
198/234 [========================>.....] - ETA: 1s - loss: 0.9349 - accuracy: 0.9482
200/234 [========================>.....] - ETA: 0s - loss: 0.9275 - accuracy: 0.9482
202/234 [========================>.....] - ETA: 0s - loss: 0.9205 - accuracy: 0.9484
204/234 [=========================>....] - ETA: 0s - loss: 0.9143 - accuracy: 0.9484
206/234 [=========================>....] - ETA: 0s - loss: 0.9093 - accuracy: 0.9485
208/234 [=========================>....] - ETA: 0s - loss: 0.9029 - accuracy: 0.9486
210/234 [=========================>....] - ETA: 0s - loss: 0.8954 - accuracy: 0.9488
212/234 [==========================>...] - ETA: 0s - loss: 0.8906 - accuracy: 0.9489
214/234 [==========================>...] - ETA: 0s - loss: 0.8906 - accuracy: 0.9490
216/234 [==========================>...] - ETA: 0s - loss: 0.8832 - accuracy: 0.9492
218/234 [==========================>...] - ETA: 0s - loss: 0.8772 - accuracy: 0.9492
220/234 [===========================>..] - ETA: 0s - loss: 0.8747 - accuracy: 0.9493
222/234 [===========================>..] - ETA: 0s - loss: 0.8751 - accuracy: 0.9494
224/234 [===========================>..] - ETA: 0s - loss: 0.8695 - accuracy: 0.9495
226/234 [===========================>..] - ETA: 0s - loss: 0.8690 - accuracy: 0.9496
228/234 [============================>.] - ETA: 0s - loss: 0.8650 - accuracy: 0.9498
230/234 [============================>.] - ETA: 0s - loss: 0.8588 - accuracy: 0.9499
232/234 [============================>.] - ETA: 0s - loss: 0.8528 - accuracy: 0.9500
234/234 [==============================] - ETA: 0s - loss: 0.8473 - accuracy: 0.9500
234/234 [==============================] - 7s 31ms/step - loss: 0.8473 - accuracy: 0.9500 - val_loss: 0.1679 - val_accuracy: 0.9579
Epoch 3/12

  1/234 [..............................] - ETA: 10s - loss: 0.0288 - accuracy: 0.9688
  3/234 [..............................] - ETA: 6s - loss: 0.2606 - accuracy: 0.9609 
  5/234 [..............................] - ETA: 6s - loss: 0.2420 - accuracy: 0.9586
  7/234 [..............................] - ETA: 6s - loss: 0.2640 - accuracy: 0.9565
  9/234 [>.............................] - ETA: 6s - loss: 0.2615 - accuracy: 0.9588
 11/234 [>.............................] - ETA: 6s - loss: 0.2765 - accuracy: 0.9602
 13/234 [>.............................] - ETA: 6s - loss: 0.2628 - accuracy: 0.9594
 16/234 [=>............................] - ETA: 5s - loss: 0.2494 - accuracy: 0.9592
 18/234 [=>............................] - ETA: 5s - loss: 0.2658 - accuracy: 0.9596
 20/234 [=>............................] - ETA: 5s - loss: 0.2592 - accuracy: 0.9604
 22/234 [=>............................] - ETA: 5s - loss: 0.2551 - accuracy: 0.9608
 24/234 [==>...........................] - ETA: 5s - loss: 0.2591 - accuracy: 0.9595
 26/234 [==>...........................] - ETA: 5s - loss: 0.2576 - accuracy: 0.9587
 28/234 [==>...........................] - ETA: 5s - loss: 0.2489 - accuracy: 0.9588
 30/234 [==>...........................] - ETA: 5s - loss: 0.2486 - accuracy: 0.9594
 32/234 [===>..........................] - ETA: 5s - loss: 0.2946 - accuracy: 0.9602
 34/234 [===>..........................] - ETA: 5s - loss: 0.2950 - accuracy: 0.9607
 36/234 [===>..........................] - ETA: 5s - loss: 0.2975 - accuracy: 0.9605
 38/234 [===>..........................] - ETA: 5s - loss: 0.2992 - accuracy: 0.9608
 40/234 [====>.........................] - ETA: 5s - loss: 0.2924 - accuracy: 0.9609
 42/234 [====>.........................] - ETA: 5s - loss: 0.2915 - accuracy: 0.9606
 44/234 [====>.........................] - ETA: 5s - loss: 0.2942 - accuracy: 0.9609
 46/234 [====>.........................] - ETA: 5s - loss: 0.3134 - accuracy: 0.9609
 48/234 [=====>........................] - ETA: 5s - loss: 0.3050 - accuracy: 0.9612
 50/234 [=====>........................] - ETA: 5s - loss: 0.3056 - accuracy: 0.9611
 52/234 [=====>........................] - ETA: 5s - loss: 0.3021 - accuracy: 0.9611
 54/234 [=====>........................] - ETA: 5s - loss: 0.2974 - accuracy: 0.9606
 56/234 [======>.......................] - ETA: 5s - loss: 0.3006 - accuracy: 0.9600
 58/234 [======>.......................] - ETA: 4s - loss: 0.2967 - accuracy: 0.9597
 60/234 [======>.......................] - ETA: 4s - loss: 0.3107 - accuracy: 0.9593
 62/234 [======>.......................] - ETA: 4s - loss: 0.3110 - accuracy: 0.9591
 64/234 [=======>......................] - ETA: 4s - loss: 0.3104 - accuracy: 0.9584
 66/234 [=======>......................] - ETA: 4s - loss: 0.3064 - accuracy: 0.9586
 68/234 [=======>......................] - ETA: 4s - loss: 0.3084 - accuracy: 0.9589
 70/234 [=======>......................] - ETA: 4s - loss: 0.3035 - accuracy: 0.9590
 72/234 [========>.....................] - ETA: 4s - loss: 0.3054 - accuracy: 0.9589
 74/234 [========>.....................] - ETA: 4s - loss: 0.3039 - accuracy: 0.9591
 76/234 [========>.....................] - ETA: 4s - loss: 0.2989 - accuracy: 0.9592
 78/234 [=========>....................] - ETA: 4s - loss: 0.2978 - accuracy: 0.9591
 80/234 [=========>....................] - ETA: 4s - loss: 0.3028 - accuracy: 0.9589
 82/234 [=========>....................] - ETA: 4s - loss: 0.3098 - accuracy: 0.9585
 84/234 [=========>....................] - ETA: 4s - loss: 0.3077 - accuracy: 0.9583
 86/234 [==========>...................] - ETA: 4s - loss: 0.3043 - accuracy: 0.9585
 88/234 [==========>...................] - ETA: 4s - loss: 0.3011 - accuracy: 0.9588
 90/234 [==========>...................] - ETA: 4s - loss: 0.3003 - accuracy: 0.9589
 92/234 [==========>...................] - ETA: 4s - loss: 0.3004 - accuracy: 0.9591
 94/234 [===========>..................] - ETA: 4s - loss: 0.3039 - accuracy: 0.9592
 96/234 [===========>..................] - ETA: 3s - loss: 0.3003 - accuracy: 0.9592
 98/234 [===========>..................] - ETA: 3s - loss: 0.2971 - accuracy: 0.9594
100/234 [===========>..................] - ETA: 3s - loss: 0.2951 - accuracy: 0.9595
102/234 [============>.................] - ETA: 3s - loss: 0.2927 - accuracy: 0.9595
104/234 [============>.................] - ETA: 3s - loss: 0.2908 - accuracy: 0.9595
106/234 [============>.................] - ETA: 3s - loss: 0.2903 - accuracy: 0.9592
108/234 [============>.................] - ETA: 3s - loss: 0.2867 - accuracy: 0.9593
110/234 [=============>................] - ETA: 3s - loss: 0.2830 - accuracy: 0.9594
112/234 [=============>................] - ETA: 3s - loss: 0.2844 - accuracy: 0.9592
114/234 [=============>................] - ETA: 3s - loss: 0.2833 - accuracy: 0.9592
116/234 [=============>................] - ETA: 3s - loss: 0.2827 - accuracy: 0.9591
119/234 [==============>...............] - ETA: 3s - loss: 0.2804 - accuracy: 0.9590
121/234 [==============>...............] - ETA: 3s - loss: 0.6990 - accuracy: 0.9592
123/234 [==============>...............] - ETA: 3s - loss: 0.6904 - accuracy: 0.9591
125/234 [===============>..............] - ETA: 3s - loss: 0.6850 - accuracy: 0.9591
127/234 [===============>..............] - ETA: 3s - loss: 0.6767 - accuracy: 0.9591
129/234 [===============>..............] - ETA: 2s - loss: 0.6731 - accuracy: 0.9590
131/234 [===============>..............] - ETA: 2s - loss: 0.6670 - accuracy: 0.9592
133/234 [================>.............] - ETA: 2s - loss: 0.6621 - accuracy: 0.9592
135/234 [================>.............] - ETA: 2s - loss: 0.6558 - accuracy: 0.9593
137/234 [================>.............] - ETA: 2s - loss: 0.6504 - accuracy: 0.9591
139/234 [================>.............] - ETA: 2s - loss: 0.9697 - accuracy: 0.9593
141/234 [=================>............] - ETA: 2s - loss: 0.9581 - accuracy: 0.9594
143/234 [=================>............] - ETA: 2s - loss: 0.9510 - accuracy: 0.9588
145/234 [=================>............] - ETA: 2s - loss: 0.9560 - accuracy: 0.9571
147/234 [=================>............] - ETA: 2s - loss: 0.9459 - accuracy: 0.9563
149/234 [==================>...........] - ETA: 2s - loss: 0.9381 - accuracy: 0.9550
151/234 [==================>...........] - ETA: 2s - loss: 0.9298 - accuracy: 0.9537
153/234 [==================>...........] - ETA: 2s - loss: 0.9229 - accuracy: 0.9525
155/234 [==================>...........] - ETA: 2s - loss: 0.9134 - accuracy: 0.9515
157/234 [===================>..........] - ETA: 2s - loss: 0.9064 - accuracy: 0.9501
159/234 [===================>..........] - ETA: 2s - loss: 0.8969 - accuracy: 0.9493
161/234 [===================>..........] - ETA: 2s - loss: 0.8948 - accuracy: 0.9481
163/234 [===================>..........] - ETA: 2s - loss: 0.8911 - accuracy: 0.9475
165/234 [====================>.........] - ETA: 1s - loss: 0.8860 - accuracy: 0.9462
167/234 [====================>.........] - ETA: 1s - loss: 0.8783 - accuracy: 0.9451
169/234 [====================>.........] - ETA: 1s - loss: 0.8711 - accuracy: 0.9443
171/234 [====================>.........] - ETA: 1s - loss: 0.8642 - accuracy: 0.9433
174/234 [=====================>........] - ETA: 1s - loss: 0.8626 - accuracy: 0.9422
176/234 [=====================>........] - ETA: 1s - loss: 0.8575 - accuracy: 0.9412
178/234 [=====================>........] - ETA: 1s - loss: 0.8518 - accuracy: 0.9407
180/234 [======================>.......] - ETA: 1s - loss: 0.8455 - accuracy: 0.9397
182/234 [======================>.......] - ETA: 1s - loss: 0.8388 - accuracy: 0.9389
184/234 [======================>.......] - ETA: 1s - loss: 0.8320 - accuracy: 0.9382
186/234 [======================>.......] - ETA: 1s - loss: 0.8258 - accuracy: 0.9373
188/234 [=======================>......] - ETA: 1s - loss: 0.8217 - accuracy: 0.9365
190/234 [=======================>......] - ETA: 1s - loss: 0.8175 - accuracy: 0.9359
192/234 [=======================>......] - ETA: 1s - loss: 0.8142 - accuracy: 0.9352
194/234 [=======================>......] - ETA: 1s - loss: 0.8126 - accuracy: 0.9345
196/234 [========================>.....] - ETA: 1s - loss: 0.8065 - accuracy: 0.9339
198/234 [========================>.....] - ETA: 1s - loss: 0.8032 - accuracy: 0.9330
200/234 [========================>.....] - ETA: 0s - loss: 0.8021 - accuracy: 0.9326
202/234 [========================>.....] - ETA: 0s - loss: 0.7978 - accuracy: 0.9322
204/234 [=========================>....] - ETA: 0s - loss: 0.7914 - accuracy: 0.9317
206/234 [=========================>....] - ETA: 0s - loss: 0.7886 - accuracy: 0.9310
208/234 [=========================>....] - ETA: 0s - loss: 0.7872 - accuracy: 0.9303
210/234 [=========================>....] - ETA: 0s - loss: 0.7814 - accuracy: 0.9298
212/234 [==========================>...] - ETA: 0s - loss: 0.7759 - accuracy: 0.9292
214/234 [==========================>...] - ETA: 0s - loss: 0.7718 - accuracy: 0.9287
216/234 [==========================>...] - ETA: 0s - loss: 0.7687 - accuracy: 0.9280
219/234 [===========================>..] - ETA: 0s - loss: 0.7642 - accuracy: 0.9273
221/234 [===========================>..] - ETA: 0s - loss: 0.7598 - accuracy: 0.9268
223/234 [===========================>..] - ETA: 0s - loss: 0.7549 - accuracy: 0.9262
225/234 [===========================>..] - ETA: 0s - loss: 0.7500 - accuracy: 0.9257
227/234 [============================>.] - ETA: 0s - loss: 0.7468 - accuracy: 0.9252
230/234 [============================>.] - ETA: 0s - loss: 0.7392 - accuracy: 0.9244
232/234 [============================>.] - ETA: 0s - loss: 0.7343 - accuracy: 0.9242
234/234 [==============================] - ETA: 0s - loss: 0.7335 - accuracy: 0.9237
234/234 [==============================] - 7s 31ms/step - loss: 0.7335 - accuracy: 0.9237 - val_loss: 0.2879 - val_accuracy: 0.8778
Epoch 4/12

  1/234 [..............................] - ETA: 10s - loss: 0.2943 - accuracy: 0.9023
  3/234 [..............................] - ETA: 6s - loss: 0.2435 - accuracy: 0.8828 
  5/234 [..............................] - ETA: 6s - loss: 0.3055 - accuracy: 0.8781
  7/234 [..............................] - ETA: 6s - loss: 0.2741 - accuracy: 0.8850
  9/234 [>.............................] - ETA: 6s - loss: 0.3226 - accuracy: 0.8802
 11/234 [>.............................] - ETA: 6s - loss: 0.2993 - accuracy: 0.8842
 13/234 [>.............................] - ETA: 6s - loss: 0.2885 - accuracy: 0.8864
 15/234 [>.............................] - ETA: 6s - loss: 0.2972 - accuracy: 0.8854
 17/234 [=>............................] - ETA: 6s - loss: 0.2909 - accuracy: 0.8886
 19/234 [=>............................] - ETA: 6s - loss: 0.2749 - accuracy: 0.8912
 21/234 [=>............................] - ETA: 5s - loss: 0.2618 - accuracy: 0.8904
 23/234 [=>............................] - ETA: 5s - loss: 0.2864 - accuracy: 0.8894
 25/234 [==>...........................] - ETA: 5s - loss: 0.2744 - accuracy: 0.8906
 27/234 [==>...........................] - ETA: 5s - loss: 0.2659 - accuracy: 0.8911
 29/234 [==>...........................] - ETA: 5s - loss: 0.2595 - accuracy: 0.8925
 31/234 [==>...........................] - ETA: 5s - loss: 0.2507 - accuracy: 0.8944
 33/234 [===>..........................] - ETA: 5s - loss: 1.1889 - accuracy: 0.8968
 35/234 [===>..........................] - ETA: 5s - loss: 1.1269 - accuracy: 0.8975
 37/234 [===>..........................] - ETA: 5s - loss: 1.0709 - accuracy: 0.8969
 39/234 [====>.........................] - ETA: 5s - loss: 1.0218 - accuracy: 0.8964
 41/234 [====>.........................] - ETA: 5s - loss: 0.9894 - accuracy: 0.8965
 44/234 [====>.........................] - ETA: 5s - loss: 0.9586 - accuracy: 0.8963
 46/234 [====>.........................] - ETA: 5s - loss: 0.9408 - accuracy: 0.8969
 48/234 [=====>........................] - ETA: 5s - loss: 0.9138 - accuracy: 0.8974
 50/234 [=====>........................] - ETA: 5s - loss: 0.8819 - accuracy: 0.8976
 52/234 [=====>........................] - ETA: 5s - loss: 0.8566 - accuracy: 0.8975
 55/234 [======>.......................] - ETA: 5s - loss: 0.8248 - accuracy: 0.8978
 57/234 [======>.......................] - ETA: 4s - loss: 0.7988 - accuracy: 0.8983
 59/234 [======>.......................] - ETA: 4s - loss: 0.7774 - accuracy: 0.8989
 61/234 [======>.......................] - ETA: 4s - loss: 0.7598 - accuracy: 0.8984
 63/234 [=======>......................] - ETA: 4s - loss: 0.7477 - accuracy: 0.8978
 65/234 [=======>......................] - ETA: 4s - loss: 0.7318 - accuracy: 0.8977
 67/234 [=======>......................] - ETA: 4s - loss: 0.7138 - accuracy: 0.8983
 69/234 [=======>......................] - ETA: 4s - loss: 0.6956 - accuracy: 0.8990
 71/234 [========>.....................] - ETA: 4s - loss: 0.6787 - accuracy: 0.8992
 73/234 [========>.....................] - ETA: 4s - loss: 0.6727 - accuracy: 0.8999
 75/234 [========>.....................] - ETA: 4s - loss: 0.6598 - accuracy: 0.9000
 77/234 [========>.....................] - ETA: 4s - loss: 0.6511 - accuracy: 0.9003
 79/234 [=========>....................] - ETA: 4s - loss: 0.6561 - accuracy: 0.9006
 81/234 [=========>....................] - ETA: 4s - loss: 0.6461 - accuracy: 0.9008
 83/234 [=========>....................] - ETA: 4s - loss: 0.6359 - accuracy: 0.9016
 85/234 [=========>....................] - ETA: 4s - loss: 0.6329 - accuracy: 0.9018
 87/234 [==========>...................] - ETA: 4s - loss: 0.6217 - accuracy: 0.9028
 89/234 [==========>...................] - ETA: 4s - loss: 0.6113 - accuracy: 0.9035
 91/234 [==========>...................] - ETA: 4s - loss: 0.6013 - accuracy: 0.9043
 93/234 [==========>...................] - ETA: 4s - loss: 0.5934 - accuracy: 0.9047
 95/234 [===========>..................] - ETA: 3s - loss: 0.5828 - accuracy: 0.9053
 97/234 [===========>..................] - ETA: 3s - loss: 0.5736 - accuracy: 0.9058
100/234 [===========>..................] - ETA: 3s - loss: 0.5634 - accuracy: 0.9060
102/234 [============>.................] - ETA: 3s - loss: 0.5565 - accuracy: 0.9063
105/234 [============>.................] - ETA: 3s - loss: 0.5463 - accuracy: 0.9067
107/234 [============>.................] - ETA: 3s - loss: 0.5380 - accuracy: 0.9076
109/234 [============>.................] - ETA: 3s - loss: 0.5380 - accuracy: 0.9079
111/234 [=============>................] - ETA: 3s - loss: 0.5329 - accuracy: 0.9082
113/234 [=============>................] - ETA: 3s - loss: 0.5295 - accuracy: 0.9089
115/234 [=============>................] - ETA: 3s - loss: 0.5231 - accuracy: 0.9094
117/234 [==============>...............] - ETA: 3s - loss: 0.5171 - accuracy: 0.9103
119/234 [==============>...............] - ETA: 3s - loss: 0.5168 - accuracy: 0.9105
121/234 [==============>...............] - ETA: 3s - loss: 0.5126 - accuracy: 0.9111
123/234 [==============>...............] - ETA: 3s - loss: 0.5071 - accuracy: 0.9112
125/234 [===============>..............] - ETA: 3s - loss: 0.5027 - accuracy: 0.9118
127/234 [===============>..............] - ETA: 3s - loss: 0.4986 - accuracy: 0.9121
129/234 [===============>..............] - ETA: 2s - loss: 0.4931 - accuracy: 0.9127
131/234 [===============>..............] - ETA: 2s - loss: 0.4880 - accuracy: 0.9133
133/234 [================>.............] - ETA: 2s - loss: 0.4916 - accuracy: 0.9131
135/234 [================>.............] - ETA: 2s - loss: 0.4869 - accuracy: 0.9137
137/234 [================>.............] - ETA: 2s - loss: 0.4836 - accuracy: 0.9141
139/234 [================>.............] - ETA: 2s - loss: 0.4833 - accuracy: 0.9144
141/234 [=================>............] - ETA: 2s - loss: 0.4812 - accuracy: 0.9148
143/234 [=================>............] - ETA: 2s - loss: 0.4765 - accuracy: 0.9153
145/234 [=================>............] - ETA: 2s - loss: 0.4751 - accuracy: 0.9156
147/234 [=================>............] - ETA: 2s - loss: 0.4716 - accuracy: 0.9158
149/234 [==================>...........] - ETA: 2s - loss: 0.4685 - accuracy: 0.9160
151/234 [==================>...........] - ETA: 2s - loss: 0.4634 - accuracy: 0.9164
153/234 [==================>...........] - ETA: 2s - loss: 0.4658 - accuracy: 0.9168
155/234 [==================>...........] - ETA: 2s - loss: 0.4617 - accuracy: 0.9172
157/234 [===================>..........] - ETA: 2s - loss: 0.4598 - accuracy: 0.9175
159/234 [===================>..........] - ETA: 2s - loss: 0.4557 - accuracy: 0.9178
161/234 [===================>..........] - ETA: 2s - loss: 0.4514 - accuracy: 0.9180
163/234 [===================>..........] - ETA: 2s - loss: 0.4492 - accuracy: 0.9184
165/234 [====================>.........] - ETA: 1s - loss: 0.4457 - accuracy: 0.9187
167/234 [====================>.........] - ETA: 1s - loss: 0.4419 - accuracy: 0.9191
169/234 [====================>.........] - ETA: 1s - loss: 0.4387 - accuracy: 0.9195
171/234 [====================>.........] - ETA: 1s - loss: 0.4356 - accuracy: 0.9198
173/234 [=====================>........] - ETA: 1s - loss: 0.4334 - accuracy: 0.9202
175/234 [=====================>........] - ETA: 1s - loss: 0.4413 - accuracy: 0.9207
178/234 [=====================>........] - ETA: 1s - loss: 0.4388 - accuracy: 0.9213
180/234 [======================>.......] - ETA: 1s - loss: 0.4427 - accuracy: 0.9216
182/234 [======================>.......] - ETA: 1s - loss: 0.4404 - accuracy: 0.9218
184/234 [======================>.......] - ETA: 1s - loss: 0.4373 - accuracy: 0.9222
186/234 [======================>.......] - ETA: 1s - loss: 0.6032 - accuracy: 0.9225
188/234 [=======================>......] - ETA: 1s - loss: 0.5989 - accuracy: 0.9227
190/234 [=======================>......] - ETA: 1s - loss: 0.5984 - accuracy: 0.9227
193/234 [=======================>......] - ETA: 1s - loss: 0.5934 - accuracy: 0.9230
195/234 [========================>.....] - ETA: 1s - loss: 0.5894 - accuracy: 0.9230
197/234 [========================>.....] - ETA: 1s - loss: 0.5850 - accuracy: 0.9232
199/234 [========================>.....] - ETA: 0s - loss: 0.5830 - accuracy: 0.9232
201/234 [========================>.....] - ETA: 0s - loss: 0.5811 - accuracy: 0.9231
203/234 [=========================>....] - ETA: 0s - loss: 0.5775 - accuracy: 0.9232
205/234 [=========================>....] - ETA: 0s - loss: 0.5756 - accuracy: 0.9231
207/234 [=========================>....] - ETA: 0s - loss: 0.5743 - accuracy: 0.9227
209/234 [=========================>....] - ETA: 0s - loss: 0.5725 - accuracy: 0.9224
211/234 [==========================>...] - ETA: 0s - loss: 0.5705 - accuracy: 0.9223
213/234 [==========================>...] - ETA: 0s - loss: 0.5693 - accuracy: 0.9223
215/234 [==========================>...] - ETA: 0s - loss: 0.5664 - accuracy: 0.9221
217/234 [==========================>...] - ETA: 0s - loss: 0.5629 - accuracy: 0.9221
219/234 [===========================>..] - ETA: 0s - loss: 0.5594 - accuracy: 0.9220
221/234 [===========================>..] - ETA: 0s - loss: 0.5575 - accuracy: 0.9219
223/234 [===========================>..] - ETA: 0s - loss: 0.5547 - accuracy: 0.9217
225/234 [===========================>..] - ETA: 0s - loss: 0.5524 - accuracy: 0.9218
227/234 [============================>.] - ETA: 0s - loss: 0.5495 - accuracy: 0.9219
229/234 [============================>.] - ETA: 0s - loss: 0.5471 - accuracy: 0.9218
231/234 [============================>.] - ETA: 0s - loss: 0.5434 - accuracy: 0.9219
233/234 [============================>.] - ETA: 0s - loss: 0.5409 - accuracy: 0.9219
234/234 [==============================] - 7s 32ms/step - loss: 0.5394 - accuracy: 0.9219 - val_loss: 0.2204 - val_accuracy: 0.9316
Calibrating anomaly threshold and evaluating models...
Calibrating hybrid risk fusion (Autoencoder anomaly score + BiLSTM confidence)...
Warning: these categories have fewer than 200 raw samples and their per-class metrics should be treated as indicative only, not reliable: {'Data Exfiltration': 36}
Saved artifacts to V:\vishnu\notes pdf\7th SEM\Major-project(P2)\prototype\me\artifacts
Saved metrics to V:\vishnu\notes pdf\7th SEM\Major-project(P2)\prototype\me\reports\training_metrics.json
BiLSTM grouped-category test accuracy: 0.9607
Autoencoder anomaly threshold: 0.839465
Hybrid risk fusion: {'Low': 12459, 'Medium': 1179, 'High': 6645} (FPR=0.0949, FNR=0.4436)
